Coverage report
  Auto covered connection: syn__42_|combout => clken_ctrl_X1009_Y1001_N0|ClkIn
  Auto covered connection: syn__49_|Q => mem.prom_0_6526DEFE.ram_inst|AddressA[11]
  Auto covered connection: syn__48_|Q => mem.prom_0_6526DEFE.ram_inst|AddressA[10]
  Auto covered connection: syn__47_|Q => mem.prom_0_6526DEFE.ram_inst|AddressA[9]
  Auto covered connection: syn__46_|Q => mem.prom_0_6526DEFE.ram_inst|AddressA[8]
  Auto covered connection: syn__45_|Q => mem.prom_0_6526DEFE.ram_inst|AddressA[7]
  Auto covered connection: syn__44_|Q => mem.prom_0_6526DEFE.ram_inst|AddressA[6]
  Auto covered connection: syn__43_|Q => mem.prom_0_6526DEFE.ram_inst|AddressA[5]
  Auto covered connection: syn__49_|Q => mem.prom_0_6526DEFE.ram_inst|AddressB[11]
  Auto covered connection: syn__48_|Q => mem.prom_0_6526DEFE.ram_inst|AddressB[10]
  Auto covered connection: syn__47_|Q => mem.prom_0_6526DEFE.ram_inst|AddressB[9]
  Auto covered connection: syn__46_|Q => mem.prom_0_6526DEFE.ram_inst|AddressB[8]
  Auto covered connection: syn__45_|Q => mem.prom_0_6526DEFE.ram_inst|AddressB[7]
  Auto covered connection: syn__44_|Q => mem.prom_0_6526DEFE.ram_inst|AddressB[6]
  Auto covered connection: syn__43_|Q => mem.prom_0_6526DEFE.ram_inst|AddressB[5]
  Auto covered connection: syn__42_|combout => mem.prom_0_6526DEFE.ram_inst|Clk0
  Auto covered connection: syn__42_|combout => mem.prom_0_6526DEFE.ram_inst|Clk1
  Auto covered connection: syn__45_|Q => syn__07_|A
  Auto covered connection: syn__46_|Q => syn__07_|B
  Auto covered connection: syn__44_|Q => syn__07_|C
  Auto covered connection: syn__43_|Q => syn__07_|D
  Uncovered connection: mem.prom_0_6526DEFE.ram_inst|DataOutA[0] => syn__10_|datain
  Uncovered connection: mem.prom_0_6526DEFE.ram_inst|DataOutA[1] => syn__11_|datain
  Uncovered connection: mem.prom_0_6526DEFE.ram_inst|DataOutA[2] => syn__12_|datain
  Uncovered connection: mem.prom_0_6526DEFE.ram_inst|DataOutA[3] => syn__13_|datain
  Uncovered connection: mem.prom_0_6526DEFE.ram_inst|DataOutA[4] => syn__14_|datain
  Uncovered connection: mem.prom_0_6526DEFE.ram_inst|DataOutA[5] => syn__15_|datain
  Uncovered connection: mem.prom_0_6526DEFE.ram_inst|DataOutA[6] => syn__16_|datain
  Uncovered connection: mem.prom_0_6526DEFE.ram_inst|DataOutA[7] => syn__17_|datain
  Uncovered connection: mem.prom_0_6526DEFE.ram_inst|DataOutA[8] => syn__18_|datain
  Uncovered connection: mem.prom_0_6526DEFE.ram_inst|DataOutA[9] => syn__19_|datain
  Uncovered connection: mem.prom_0_6526DEFE.ram_inst|DataOutA[10] => syn__20_|datain
  Uncovered connection: mem.prom_0_6526DEFE.ram_inst|DataOutA[11] => syn__21_|datain
  Uncovered connection: mem.prom_0_6526DEFE.ram_inst|DataOutA[12] => syn__22_|datain
  Uncovered connection: mem.prom_0_6526DEFE.ram_inst|DataOutA[13] => syn__23_|datain
  Uncovered connection: mem.prom_0_6526DEFE.ram_inst|DataOutA[14] => syn__24_|datain
  Uncovered connection: mem.prom_0_6526DEFE.ram_inst|DataOutA[15] => syn__25_|datain
  Uncovered connection: mem.prom_0_6526DEFE.ram_inst|DataOutA[16] => syn__26_|datain
  Uncovered connection: mem.prom_0_6526DEFE.ram_inst|DataOutA[17] => syn__27_|datain
  Uncovered connection: mem.prom_0_6526DEFE.ram_inst|DataOutB[0] => syn__28_|datain
  Uncovered connection: mem.prom_0_6526DEFE.ram_inst|DataOutB[1] => syn__29_|datain
  Uncovered connection: mem.prom_0_6526DEFE.ram_inst|DataOutB[2] => syn__30_|datain
  Uncovered connection: mem.prom_0_6526DEFE.ram_inst|DataOutB[3] => syn__31_|datain
  Uncovered connection: mem.prom_0_6526DEFE.ram_inst|DataOutB[4] => syn__32_|datain
  Uncovered connection: mem.prom_0_6526DEFE.ram_inst|DataOutB[5] => syn__33_|datain
  Uncovered connection: mem.prom_0_6526DEFE.ram_inst|DataOutB[6] => syn__34_|datain
  Uncovered connection: mem.prom_0_6526DEFE.ram_inst|DataOutB[7] => syn__35_|datain
  Uncovered connection: mem.prom_0_6526DEFE.ram_inst|DataOutB[8] => syn__36_|datain
  Uncovered connection: mem.prom_0_6526DEFE.ram_inst|DataOutB[9] => syn__37_|datain
  Uncovered connection: mem.prom_0_6526DEFE.ram_inst|DataOutB[10] => syn__38_|datain
  Uncovered connection: mem.prom_0_6526DEFE.ram_inst|DataOutB[11] => syn__39_|datain
  Uncovered connection: mem.prom_0_6526DEFE.ram_inst|DataOutB[12] => syn__40_|datain
  Uncovered connection: mem.prom_0_6526DEFE.ram_inst|DataOutB[13] => syn__41_|datain
  Auto covered connection: syn__43_|Q => syn__43_|Qin
  Auto covered connection: clken_ctrl_X1009_Y1001_N0|ClkOut => syn__43_|Clk
  Auto covered connection: syn__43_|Q => syn__44_|D
  Auto covered connection: syn__44_|Q => syn__44_|Qin
  Auto covered connection: clken_ctrl_X1009_Y1001_N0|ClkOut => syn__44_|Clk
  Auto covered connection: syn__44_|Q => syn__45_|A
  Auto covered connection: syn__43_|Q => syn__45_|D
  Auto covered connection: syn__45_|Q => syn__45_|Qin
  Auto covered connection: clken_ctrl_X1009_Y1001_N0|ClkOut => syn__45_|Clk
  Auto covered connection: syn__44_|Q => syn__46_|A
  Auto covered connection: syn__45_|Q => syn__46_|B
  Auto covered connection: syn__43_|Q => syn__46_|D
  Auto covered connection: syn__46_|Q => syn__46_|Qin
  Auto covered connection: clken_ctrl_X1009_Y1001_N0|ClkOut => syn__46_|Clk
  Auto covered connection: syn__07_|LutOut => syn__47_|A
  Auto covered connection: syn__47_|Q => syn__47_|Qin
  Auto covered connection: clken_ctrl_X1009_Y1001_N0|ClkOut => syn__47_|Clk
  Auto covered connection: syn__07_|LutOut => syn__48_|A
  Auto covered connection: syn__47_|Q => syn__48_|D
  Auto covered connection: syn__48_|Q => syn__48_|Qin
  Auto covered connection: clken_ctrl_X1009_Y1001_N0|ClkOut => syn__48_|Clk
  Auto covered connection: syn__07_|LutOut => syn__49_|A
  Auto covered connection: syn__48_|Q => syn__49_|B
  Auto covered connection: syn__47_|Q => syn__49_|D
  Auto covered connection: syn__49_|Q => syn__49_|Qin
  Auto covered connection: clken_ctrl_X1009_Y1001_N0|ClkOut => syn__49_|Clk
  User constraints covered 0 connections out of 79 total, coverage: 0.0%
  Auto constraints covered 47 connections out of 79 total, coverage: 59.5%
