Worst +1.0e+30, Best -1.0e+30
Worst   1.052, Best   2.044
Coverage report
  User constraints covered 0 connections out of 118 total, coverage: 0.0%
  Auto constraints covered 86 connections out of 118 total, coverage: 72.9%


Hold   1.052, counter[0] to counter[0], clock Internal_generated_clock_Blinky|clk 0.000, Arr   4.110, Req   3.058
Hold   1.592, counter[16] to counter[16], clock Internal_generated_clock_Blinky|clk 0.000, Arr   4.573, Req   2.981
Hold   1.592, counter[11] to counter[11], clock Internal_generated_clock_Blinky|clk 0.000, Arr   4.573, Req   2.981
Hold   1.592, counter[13] to counter[13], clock Internal_generated_clock_Blinky|clk 0.000, Arr   4.573, Req   2.981
Hold   1.592, counter[26] to counter[26], clock Internal_generated_clock_Blinky|clk 0.000, Arr   4.573, Req   2.981
Hold   1.592, counter[27] to counter[27], clock Internal_generated_clock_Blinky|clk 0.000, Arr   4.573, Req   2.981
Hold   1.592, counter[12] to counter[12], clock Internal_generated_clock_Blinky|clk 0.000, Arr   4.573, Req   2.981
Hold   1.592, counter[6] to counter[6], clock Internal_generated_clock_Blinky|clk 0.000, Arr   4.573, Req   2.981
Hold   1.592, counter[8] to counter[8], clock Internal_generated_clock_Blinky|clk 0.000, Arr   4.573, Req   2.981
Hold   1.592, counter[25] to counter[25], clock Internal_generated_clock_Blinky|clk 0.000, Arr   4.573, Req   2.981
Hold   1.592, counter[4] to counter[4], clock Internal_generated_clock_Blinky|clk 0.000, Arr   4.573, Req   2.981
Hold   1.592, counter[7] to counter[7], clock Internal_generated_clock_Blinky|clk 0.000, Arr   4.573, Req   2.981
Hold   1.592, counter[3] to counter[3], clock Internal_generated_clock_Blinky|clk 0.000, Arr   4.573, Req   2.981
Hold   1.592, counter[15] to counter[15], clock Internal_generated_clock_Blinky|clk 0.000, Arr   4.573, Req   2.981
Hold   1.592, counter[21] to counter[21], clock Internal_generated_clock_Blinky|clk 0.000, Arr   4.573, Req   2.981
Hold   1.592, counter[10] to counter[10], clock Internal_generated_clock_Blinky|clk 0.000, Arr   4.573, Req   2.981
Hold   1.592, counter[5] to counter[5], clock Internal_generated_clock_Blinky|clk 0.000, Arr   4.573, Req   2.981
Hold   1.592, counter[24] to counter[24], clock Internal_generated_clock_Blinky|clk 0.000, Arr   4.573, Req   2.981
Hold   1.592, counter[23] to counter[23], clock Internal_generated_clock_Blinky|clk 0.000, Arr   4.573, Req   2.981
Hold   1.592, counter[19] to counter[19], clock Internal_generated_clock_Blinky|clk 0.000, Arr   4.573, Req   2.981
Hold   1.592, counter[1] to counter[1], clock Internal_generated_clock_Blinky|clk 0.000, Arr   4.573, Req   2.981
Hold   1.592, counter[17] to counter[17], clock Internal_generated_clock_Blinky|clk 0.000, Arr   4.573, Req   2.981
Hold   1.592, counter[14] to counter[14], clock Internal_generated_clock_Blinky|clk 0.000, Arr   4.573, Req   2.981
Hold   1.592, counter[18] to counter[18], clock Internal_generated_clock_Blinky|clk 0.000, Arr   4.573, Req   2.981
Hold   1.592, counter[20] to counter[20], clock Internal_generated_clock_Blinky|clk 0.000, Arr   4.573, Req   2.981
Hold   1.592, counter[22] to counter[22], clock Internal_generated_clock_Blinky|clk 0.000, Arr   4.573, Req   2.981
Hold   1.592, counter[2] to counter[2], clock Internal_generated_clock_Blinky|clk 0.000, Arr   4.573, Req   2.981
Hold   1.592, counter[9] to counter[9], clock Internal_generated_clock_Blinky|clk 0.000, Arr   4.573, Req   2.981
Hold   1.609, counter[0] to counter[1], clock Internal_generated_clock_Blinky|clk 0.000, Arr   4.573, Req   2.964
Hold   2.028, counter[13] to counter[14], clock Internal_generated_clock_Blinky|clk 0.000, Arr   4.973, Req   2.945
Hold   2.044, counter[1] to counter[2], clock Internal_generated_clock_Blinky|clk 0.000, Arr   4.973, Req   2.929
Hold   2.044, counter[7] to counter[8], clock Internal_generated_clock_Blinky|clk 0.000, Arr   4.973, Req   2.929
Hold   2.044, counter[5] to counter[6], clock Internal_generated_clock_Blinky|clk 0.000, Arr   4.973, Req   2.929
Hold   2.044, counter[10] to counter[11], clock Internal_generated_clock_Blinky|clk 0.000, Arr   4.973, Req   2.929
Hold   2.044, counter[22] to counter[23], clock Internal_generated_clock_Blinky|clk 0.000, Arr   4.973, Req   2.929
Hold   2.044, counter[6] to counter[7], clock Internal_generated_clock_Blinky|clk 0.000, Arr   4.973, Req   2.929
Hold   2.044, counter[4] to counter[5], clock Internal_generated_clock_Blinky|clk 0.000, Arr   4.973, Req   2.929
Hold   2.044, counter[21] to counter[22], clock Internal_generated_clock_Blinky|clk 0.000, Arr   4.973, Req   2.929
Hold   2.044, counter[20] to counter[21], clock Internal_generated_clock_Blinky|clk 0.000, Arr   4.973, Req   2.929
Hold   2.044, counter[9] to counter[10], clock Internal_generated_clock_Blinky|clk 0.000, Arr   4.973, Req   2.929
Hold   2.044, counter[14] to counter[15], clock Internal_generated_clock_Blinky|clk 0.000, Arr   4.973, Req   2.929
Hold   2.044, counter[12] to counter[13], clock Internal_generated_clock_Blinky|clk 0.000, Arr   4.973, Req   2.929
Hold   2.044, counter[26] to counter[27], clock Internal_generated_clock_Blinky|clk 0.000, Arr   4.973, Req   2.929
Hold   2.044, counter[25] to counter[26], clock Internal_generated_clock_Blinky|clk 0.000, Arr   4.973, Req   2.929
Hold   2.044, counter[2] to counter[3], clock Internal_generated_clock_Blinky|clk 0.000, Arr   4.973, Req   2.929
Hold   2.044, counter[3] to counter[4], clock Internal_generated_clock_Blinky|clk 0.000, Arr   4.973, Req   2.929
Hold   2.044, counter[24] to counter[25], clock Internal_generated_clock_Blinky|clk 0.000, Arr   4.973, Req   2.929
Hold   2.044, counter[23] to counter[24], clock Internal_generated_clock_Blinky|clk 0.000, Arr   4.973, Req   2.929
Hold   2.044, counter[18] to counter[19], clock Internal_generated_clock_Blinky|clk 0.000, Arr   4.973, Req   2.929
Hold   2.044, counter[8] to counter[9], clock Internal_generated_clock_Blinky|clk 0.000, Arr   4.973, Req   2.929
Hold   2.044, counter[15] to counter[16], clock Internal_generated_clock_Blinky|clk 0.000, Arr   4.973, Req   2.929
Hold   2.044, counter[11] to counter[12], clock Internal_generated_clock_Blinky|clk 0.000, Arr   4.973, Req   2.929
Hold   2.044, counter[16] to counter[17], clock Internal_generated_clock_Blinky|clk 0.000, Arr   4.973, Req   2.929
Hold   2.044, counter[17] to counter[18], clock Internal_generated_clock_Blinky|clk 0.000, Arr   4.973, Req   2.929
Hold   2.044, counter[19] to counter[20], clock Internal_generated_clock_Blinky|clk 0.000, Arr   4.973, Req   2.929
