Coverage report
  Auto covered connection: syn__808_|combout => clken_ctrl_X1009_Y1001_N0|ClkIn
  Auto covered connection: syn__808_|combout => clken_ctrl_X1011_Y1001_N0|ClkIn
  Auto covered connection: syn__808_|combout => clken_ctrl_X1012_Y1001_N0|ClkIn
  Auto covered connection: syn__377_|LutOut => syn__366_|A
  Auto covered connection: syn__367_|LutOut => syn__366_|B
  Auto covered connection: syn__378_|LutOut => syn__366_|C
  Auto covered connection: syn__376_|LutOut => syn__366_|D
  Auto covered connection: syn__368_|LutOut => syn__367_|A
  Auto covered connection: syn__371_|LutOut => syn__367_|B
  Uncovered connection: syn__374_|LutOut => syn__367_|C
  Uncovered connection: syn__375_|LutOut => syn__367_|D
  Auto covered connection: syn__369_|LutOut => syn__368_|A
  Auto covered connection: tc.rfB.ram_inst|DataOutB[10] => syn__368_|B
  Auto covered connection: tc.rfB.ram_inst|DataOutB[11] => syn__368_|C
  Auto covered connection: syn__370_|LutOut => syn__368_|D
  Auto covered connection: tc.rfB.ram_inst|DataOutB[13] => syn__369_|A
  Auto covered connection: tc.rfB.ram_inst|DataOutB[12] => syn__369_|B
  Auto covered connection: tc.rfB.ram_inst|DataOutB[15] => syn__369_|C
  Auto covered connection: tc.rfB.ram_inst|DataOutB[14] => syn__369_|D
  Auto covered connection: tc.im.ram_inst|DataOutB[2] => syn__370_|C
  Auto covered connection: syn__372_|LutOut => syn__371_|A
  Uncovered connection: syn__373_|LutOut => syn__371_|C
  Auto covered connection: tc.rfB.ram_inst|DataOutB[17] => syn__372_|C
  Auto covered connection: tc.rfB.ram_inst|DataOutB[16] => syn__372_|D
  Auto covered connection: tc.rfB.ram_inst|DataOutB[7] => syn__376_|A
  Auto covered connection: tc.rfB.ram_inst|DataOutB[9] => syn__376_|B
  Auto covered connection: tc.rfB.ram_inst|DataOutB[8] => syn__376_|C
  Auto covered connection: tc.rfB.ram_inst|DataOutB[6] => syn__376_|D
  Auto covered connection: tc.rfB.ram_inst|DataOutB[3] => syn__377_|A
  Auto covered connection: tc.rfB.ram_inst|DataOutB[4] => syn__377_|B
  Auto covered connection: tc.rfB.ram_inst|DataOutB[5] => syn__377_|C
  Auto covered connection: tc.rfB.ram_inst|DataOutB[2] => syn__377_|D
  Auto covered connection: tc.im.ram_inst|DataOutB[0] => syn__378_|A
  Auto covered connection: tc.im.ram_inst|DataOutB[1] => syn__378_|B
  Auto covered connection: tc.rfB.ram_inst|DataOutB[1] => syn__378_|C
  Auto covered connection: tc.rfB.ram_inst|DataOutB[0] => syn__378_|D
  Auto covered connection: syn__388_|LutOut => syn__387_|A
  Auto covered connection: syn__626_|LutOut => syn__387_|B
  Auto covered connection: syn__616_|LutOut => syn__387_|C
  Auto covered connection: tc.im.ram_inst|DataOutB[3] => syn__387_|D
  Auto covered connection: syn__500_|LutOut => syn__388_|A
  Auto covered connection: syn__609_|LutOut => syn__388_|B
  Auto covered connection: syn__389_|LutOut => syn__388_|C
  Auto covered connection: syn__489_|LutOut => syn__388_|D
  Auto covered connection: syn__390_|LutOut => syn__389_|A
  Auto covered connection: syn__482_|LutOut => syn__389_|B
  Auto covered connection: syn__477_|LutOut => syn__389_|C
  Auto covered connection: syn__488_|LutOut => syn__389_|D
  Auto covered connection: syn__391_|LutOut => syn__390_|A
  Auto covered connection: syn__472_|LutOut => syn__390_|B
  Auto covered connection: syn__476_|LutOut => syn__390_|C
  Auto covered connection: tc.im.ram_inst|DataOutB[9] => syn__390_|D
  Auto covered connection: syn__392_|LutOut => syn__391_|A
  Auto covered connection: syn__469_|LutOut => syn__391_|B
  Auto covered connection: syn__470_|LutOut => syn__391_|C
  Auto covered connection: syn__471_|LutOut => syn__391_|D
  Auto covered connection: syn__467_|LutOut => syn__392_|A
  Auto covered connection: syn__466_|LutOut => syn__392_|B
  Auto covered connection: syn__393_|LutOut => syn__392_|C
  Auto covered connection: syn__468_|LutOut => syn__392_|D
  Auto covered connection: syn__463_|LutOut => syn__393_|A
  Auto covered connection: syn__464_|LutOut => syn__393_|B
  Auto covered connection: syn__394_|LutOut => syn__393_|C
  Auto covered connection: syn__465_|LutOut => syn__393_|D
  Auto covered connection: syn__460_|LutOut => syn__394_|A
  Auto covered connection: syn__462_|LutOut => syn__394_|B
  Auto covered connection: syn__395_|LutOut => syn__394_|C
  Auto covered connection: syn__461_|LutOut => syn__394_|D
  Auto covered connection: syn__457_|LutOut => syn__395_|A
  Auto covered connection: syn__458_|LutOut => syn__395_|B
  Auto covered connection: syn__396_|LutOut => syn__395_|C
  Auto covered connection: syn__459_|LutOut => syn__395_|D
  Auto covered connection: syn__397_|LutOut => syn__396_|A
  Auto covered connection: syn__454_|LutOut => syn__396_|B
  Auto covered connection: syn__456_|LutOut => syn__396_|C
  Auto covered connection: syn__455_|LutOut => syn__396_|D
  Auto covered connection: syn__453_|LutOut => syn__397_|A
  Auto covered connection: syn__452_|LutOut => syn__397_|B
  Auto covered connection: syn__398_|LutOut => syn__397_|C
  Auto covered connection: syn__451_|LutOut => syn__397_|D
  Auto covered connection: syn__448_|LutOut => syn__398_|A
  Auto covered connection: syn__399_|LutOut => syn__398_|B
  Auto covered connection: syn__449_|LutOut => syn__398_|C
  Auto covered connection: syn__450_|LutOut => syn__398_|D
  Auto covered connection: syn__446_|LutOut => syn__399_|A
  Auto covered connection: syn__445_|LutOut => syn__399_|B
  Auto covered connection: syn__400_|LutOut => syn__399_|C
  Auto covered connection: syn__447_|LutOut => syn__399_|D
  Auto covered connection: syn__401_|LutOut => syn__400_|A
  Auto covered connection: syn__444_|LutOut => syn__400_|B
  Auto covered connection: syn__443_|LutOut => syn__400_|C
  Auto covered connection: syn__442_|LutOut => syn__400_|D
  Auto covered connection: syn__402_|LutOut => syn__401_|A
  Auto covered connection: syn__440_|LutOut => syn__401_|B
  Auto covered connection: syn__439_|LutOut => syn__401_|C
  Auto covered connection: syn__441_|LutOut => syn__401_|D
  Auto covered connection: syn__403_|LutOut => syn__402_|A
  Auto covered connection: syn__436_|LutOut => syn__402_|B
  Auto covered connection: syn__437_|LutOut => syn__402_|C
  Auto covered connection: syn__438_|LutOut => syn__402_|D
  Auto covered connection: syn__404_|LutOut => syn__403_|A
  Auto covered connection: syn__435_|LutOut => syn__403_|B
  Auto covered connection: syn__434_|LutOut => syn__403_|C
  Auto covered connection: syn__433_|LutOut => syn__403_|D
  Auto covered connection: syn__405_|LutOut => syn__404_|A
  Auto covered connection: syn__430_|LutOut => syn__404_|B
  Auto covered connection: syn__432_|LutOut => syn__404_|C
  Auto covered connection: syn__431_|LutOut => syn__404_|D
  Auto covered connection: syn__427_|LutOut => syn__405_|A
  Auto covered connection: syn__406_|LutOut => syn__405_|B
  Auto covered connection: syn__429_|LutOut => syn__405_|C
  Auto covered connection: syn__428_|LutOut => syn__405_|D
  Auto covered connection: syn__424_|LutOut => syn__406_|A
  Auto covered connection: syn__426_|LutOut => syn__406_|B
  Auto covered connection: syn__425_|LutOut => syn__406_|C
  Auto covered connection: syn__407_|LutOut => syn__406_|D
  Auto covered connection: syn__422_|LutOut => syn__407_|A
  Auto covered connection: syn__421_|LutOut => syn__407_|B
  Auto covered connection: syn__408_|LutOut => syn__407_|C
  Auto covered connection: syn__423_|LutOut => syn__407_|D
  Auto covered connection: syn__409_|LutOut => syn__408_|A
  Auto covered connection: syn__418_|LutOut => syn__408_|B
  Auto covered connection: syn__420_|LutOut => syn__408_|C
  Auto covered connection: syn__419_|LutOut => syn__408_|D
  Auto covered connection: syn__415_|LutOut => syn__409_|A
  Auto covered connection: syn__416_|LutOut => syn__409_|B
  Auto covered connection: syn__410_|LutOut => syn__409_|C
  Auto covered connection: syn__417_|LutOut => syn__409_|D
  Auto covered connection: syn__414_|LutOut => syn__410_|A
  Auto covered connection: syn__412_|LutOut => syn__410_|B
  Auto covered connection: syn__411_|LutOut => syn__410_|C
  Auto covered connection: syn__413_|LutOut => syn__410_|D
  Auto covered connection: tc.rfB.ram_inst|DataOutB[1] => syn__411_|B
  Auto covered connection: tc.im.ram_inst|DataOutB[7] => syn__411_|C
  Auto covered connection: tc.im.ram_inst|DataOutB[8] => syn__411_|D
  Auto covered connection: tc.rfB.ram_inst|DataOutB[1] => syn__412_|B
  Auto covered connection: tc.rfA.ram_inst|DataOutB[1] => syn__412_|C
  Auto covered connection: tc.im.ram_inst|DataOutB[8] => syn__412_|D
  Auto covered connection: tc.im.ram_inst|DataOutB[7] => syn__413_|A
  Auto covered connection: tc.rfB.ram_inst|DataOutB[0] => syn__413_|B
  Auto covered connection: tc.rfA.ram_inst|DataOutB[0] => syn__413_|C
  Auto covered connection: tc.im.ram_inst|DataOutB[8] => syn__413_|D
  Auto covered connection: tc.im.ram_inst|DataOutB[8] => syn__414_|A
  Auto covered connection: tc.rfA.ram_inst|DataOutB[2] => syn__414_|B
  Auto covered connection: tc.im.ram_inst|DataOutB[7] => syn__414_|C
  Auto covered connection: tc.rfB.ram_inst|DataOutB[2] => syn__414_|D
  Auto covered connection: tc.rfB.ram_inst|DataOutB[3] => syn__415_|B
  Auto covered connection: tc.im.ram_inst|DataOutB[7] => syn__415_|C
  Auto covered connection: tc.im.ram_inst|DataOutB[8] => syn__415_|D
  Auto covered connection: tc.rfA.ram_inst|DataOutB[3] => syn__416_|A
  Auto covered connection: tc.rfB.ram_inst|DataOutB[3] => syn__416_|C
  Auto covered connection: tc.im.ram_inst|DataOutB[8] => syn__416_|D
  Auto covered connection: tc.rfA.ram_inst|DataOutB[2] => syn__417_|A
  Auto covered connection: tc.rfB.ram_inst|DataOutB[2] => syn__417_|B
  Auto covered connection: tc.im.ram_inst|DataOutB[7] => syn__417_|C
  Auto covered connection: tc.im.ram_inst|DataOutB[8] => syn__417_|D
  Auto covered connection: tc.rfB.ram_inst|DataOutB[5] => syn__418_|A
  Auto covered connection: tc.rfA.ram_inst|DataOutB[5] => syn__418_|B
  Auto covered connection: tc.im.ram_inst|DataOutB[7] => syn__418_|C
  Auto covered connection: tc.im.ram_inst|DataOutB[8] => syn__418_|D
  Auto covered connection: tc.rfB.ram_inst|DataOutB[4] => syn__419_|B
  Auto covered connection: tc.im.ram_inst|DataOutB[7] => syn__419_|C
  Auto covered connection: tc.im.ram_inst|DataOutB[8] => syn__419_|D
  Auto covered connection: tc.rfB.ram_inst|DataOutB[4] => syn__420_|B
  Auto covered connection: tc.rfA.ram_inst|DataOutB[4] => syn__420_|C
  Auto covered connection: tc.im.ram_inst|DataOutB[8] => syn__420_|D
  Auto covered connection: tc.rfB.ram_inst|DataOutB[6] => syn__421_|A
  Auto covered connection: tc.rfA.ram_inst|DataOutB[6] => syn__421_|B
  Auto covered connection: tc.im.ram_inst|DataOutB[7] => syn__421_|C
  Auto covered connection: tc.im.ram_inst|DataOutB[8] => syn__421_|D
  Auto covered connection: tc.rfB.ram_inst|DataOutB[6] => syn__422_|A
  Auto covered connection: tc.rfA.ram_inst|DataOutB[6] => syn__422_|B
  Auto covered connection: tc.im.ram_inst|DataOutB[7] => syn__422_|C
  Auto covered connection: tc.im.ram_inst|DataOutB[8] => syn__422_|D
  Auto covered connection: tc.rfB.ram_inst|DataOutB[5] => syn__423_|A
  Auto covered connection: tc.rfA.ram_inst|DataOutB[5] => syn__423_|B
  Auto covered connection: tc.im.ram_inst|DataOutB[7] => syn__423_|C
  Auto covered connection: tc.im.ram_inst|DataOutB[8] => syn__423_|D
  Auto covered connection: tc.rfA.ram_inst|DataOutB[8] => syn__424_|A
  Auto covered connection: tc.im.ram_inst|DataOutB[8] => syn__424_|B
  Auto covered connection: tc.im.ram_inst|DataOutB[7] => syn__424_|C
  Auto covered connection: tc.rfB.ram_inst|DataOutB[8] => syn__424_|D
  Auto covered connection: tc.rfA.ram_inst|DataOutB[7] => syn__425_|A
  Auto covered connection: tc.rfB.ram_inst|DataOutB[7] => syn__425_|B
  Auto covered connection: tc.im.ram_inst|DataOutB[7] => syn__425_|C
  Auto covered connection: tc.im.ram_inst|DataOutB[8] => syn__425_|D
  Auto covered connection: tc.rfA.ram_inst|DataOutB[7] => syn__426_|A
  Auto covered connection: tc.im.ram_inst|DataOutB[8] => syn__426_|B
  Auto covered connection: tc.im.ram_inst|DataOutB[7] => syn__426_|C
  Auto covered connection: tc.rfB.ram_inst|DataOutB[7] => syn__426_|D
  Auto covered connection: tc.rfB.ram_inst|DataOutB[9] => syn__427_|A
  Auto covered connection: tc.im.ram_inst|DataOutB[8] => syn__427_|B
  Auto covered connection: tc.im.ram_inst|DataOutB[7] => syn__427_|C
  Auto covered connection: tc.rfA.ram_inst|DataOutB[9] => syn__427_|D
  Auto covered connection: tc.rfA.ram_inst|DataOutB[8] => syn__428_|A
  Auto covered connection: tc.im.ram_inst|DataOutB[8] => syn__428_|B
  Auto covered connection: tc.im.ram_inst|DataOutB[7] => syn__428_|C
  Auto covered connection: tc.rfB.ram_inst|DataOutB[8] => syn__428_|D
  Auto covered connection: tc.rfB.ram_inst|DataOutB[9] => syn__429_|A
  Auto covered connection: tc.im.ram_inst|DataOutB[8] => syn__429_|B
  Auto covered connection: tc.im.ram_inst|DataOutB[7] => syn__429_|C
  Auto covered connection: tc.rfA.ram_inst|DataOutB[9] => syn__429_|D
  Auto covered connection: tc.rfB.ram_inst|DataOutB[11] => syn__430_|A
  Auto covered connection: tc.rfA.ram_inst|DataOutB[11] => syn__430_|B
  Auto covered connection: tc.im.ram_inst|DataOutB[7] => syn__430_|C
  Auto covered connection: tc.im.ram_inst|DataOutB[8] => syn__430_|D
  Auto covered connection: tc.rfB.ram_inst|DataOutB[10] => syn__431_|B
  Auto covered connection: tc.im.ram_inst|DataOutB[7] => syn__431_|C
  Auto covered connection: tc.im.ram_inst|DataOutB[8] => syn__431_|D
  Auto covered connection: tc.rfB.ram_inst|DataOutB[10] => syn__432_|B
  Auto covered connection: tc.rfA.ram_inst|DataOutB[10] => syn__432_|C
  Auto covered connection: tc.im.ram_inst|DataOutB[8] => syn__432_|D
  Auto covered connection: tc.rfA.ram_inst|DataOutB[12] => syn__433_|A
  Auto covered connection: tc.im.ram_inst|DataOutB[7] => syn__433_|B
  Auto covered connection: tc.rfB.ram_inst|DataOutB[12] => syn__433_|C
  Auto covered connection: tc.im.ram_inst|DataOutB[8] => syn__433_|D
  Auto covered connection: tc.rfA.ram_inst|DataOutB[12] => syn__434_|A
  Auto covered connection: tc.im.ram_inst|DataOutB[7] => syn__434_|B
  Auto covered connection: tc.rfB.ram_inst|DataOutB[12] => syn__434_|C
  Auto covered connection: tc.im.ram_inst|DataOutB[8] => syn__434_|D
  Auto covered connection: tc.rfB.ram_inst|DataOutB[11] => syn__435_|A
  Auto covered connection: tc.rfA.ram_inst|DataOutB[11] => syn__435_|B
  Auto covered connection: tc.im.ram_inst|DataOutB[7] => syn__435_|C
  Auto covered connection: tc.im.ram_inst|DataOutB[8] => syn__435_|D
  Auto covered connection: tc.im.ram_inst|DataOutB[8] => syn__436_|A
  Auto covered connection: tc.rfA.ram_inst|DataOutB[14] => syn__436_|B
  Auto covered connection: tc.im.ram_inst|DataOutB[7] => syn__436_|C
  Auto covered connection: tc.rfB.ram_inst|DataOutB[14] => syn__436_|D
  Auto covered connection: tc.im.ram_inst|DataOutB[8] => syn__437_|A
  Auto covered connection: tc.rfB.ram_inst|DataOutB[13] => syn__437_|B
  Auto covered connection: tc.im.ram_inst|DataOutB[7] => syn__437_|C
  Auto covered connection: tc.rfA.ram_inst|DataOutB[13] => syn__437_|D
  Auto covered connection: tc.rfB.ram_inst|DataOutB[13] => syn__438_|A
  Auto covered connection: tc.rfA.ram_inst|DataOutB[13] => syn__438_|B
  Auto covered connection: tc.im.ram_inst|DataOutB[8] => syn__438_|C
  Auto covered connection: tc.im.ram_inst|DataOutB[7] => syn__438_|D
  Auto covered connection: tc.im.ram_inst|DataOutB[7] => syn__439_|A
  Auto covered connection: tc.im.ram_inst|DataOutB[8] => syn__439_|B
  Auto covered connection: tc.rfB.ram_inst|DataOutB[15] => syn__439_|C
  Auto covered connection: tc.im.ram_inst|DataOutB[8] => syn__440_|B
  Auto covered connection: tc.rfB.ram_inst|DataOutB[15] => syn__440_|C
  Auto covered connection: tc.rfA.ram_inst|DataOutB[15] => syn__440_|D
  Auto covered connection: tc.im.ram_inst|DataOutB[8] => syn__441_|A
  Auto covered connection: tc.rfA.ram_inst|DataOutB[14] => syn__441_|B
  Auto covered connection: tc.im.ram_inst|DataOutB[7] => syn__441_|C
  Auto covered connection: tc.rfB.ram_inst|DataOutB[14] => syn__441_|D
  Auto covered connection: tc.rfB.ram_inst|DataOutB[16] => syn__442_|B
  Auto covered connection: tc.im.ram_inst|DataOutB[7] => syn__442_|C
  Auto covered connection: tc.im.ram_inst|DataOutB[8] => syn__442_|D
  Auto covered connection: tc.rfB.ram_inst|DataOutB[16] => syn__443_|B
  Auto covered connection: tc.rfA.ram_inst|DataOutB[16] => syn__443_|C
  Auto covered connection: tc.im.ram_inst|DataOutB[8] => syn__443_|D
  Auto covered connection: tc.rfB.ram_inst|DataOutB[17] => syn__444_|A
  Auto covered connection: tc.rfA.ram_inst|DataOutB[17] => syn__444_|B
  Auto covered connection: tc.im.ram_inst|DataOutB[7] => syn__444_|C
  Auto covered connection: tc.im.ram_inst|DataOutB[8] => syn__444_|D
  Auto covered connection: tc.im.ram_inst|DataOutB[7] => syn__445_|C
  Auto covered connection: tc.im.ram_inst|DataOutB[8] => syn__445_|D
  Auto covered connection: tc.im.ram_inst|DataOutB[7] => syn__446_|C
  Auto covered connection: tc.im.ram_inst|DataOutB[8] => syn__446_|D
  Auto covered connection: tc.rfB.ram_inst|DataOutB[17] => syn__447_|A
  Auto covered connection: tc.rfA.ram_inst|DataOutB[17] => syn__447_|B
  Auto covered connection: tc.im.ram_inst|DataOutB[7] => syn__447_|C
  Auto covered connection: tc.im.ram_inst|DataOutB[8] => syn__447_|D
  Auto covered connection: tc.im.ram_inst|DataOutB[7] => syn__448_|C
  Auto covered connection: tc.im.ram_inst|DataOutB[8] => syn__448_|D
  Auto covered connection: tc.im.ram_inst|DataOutB[7] => syn__449_|C
  Auto covered connection: tc.im.ram_inst|DataOutB[8] => syn__449_|D
  Auto covered connection: tc.im.ram_inst|DataOutB[7] => syn__450_|C
  Auto covered connection: tc.im.ram_inst|DataOutB[8] => syn__450_|D
  Auto covered connection: tc.im.ram_inst|DataOutB[8] => syn__451_|A
  Auto covered connection: tc.im.ram_inst|DataOutB[7] => syn__451_|C
  Auto covered connection: tc.im.ram_inst|DataOutB[8] => syn__452_|D
  Auto covered connection: tc.im.ram_inst|DataOutB[7] => syn__453_|A
  Auto covered connection: tc.im.ram_inst|DataOutB[8] => syn__453_|C
  Auto covered connection: tc.im.ram_inst|DataOutB[7] => syn__454_|C
  Auto covered connection: tc.im.ram_inst|DataOutB[8] => syn__454_|D
  Auto covered connection: tc.im.ram_inst|DataOutB[7] => syn__455_|C
  Auto covered connection: tc.im.ram_inst|DataOutB[8] => syn__455_|D
  Auto covered connection: tc.im.ram_inst|DataOutB[8] => syn__456_|D
  Auto covered connection: tc.im.ram_inst|DataOutB[7] => syn__457_|A
  Auto covered connection: tc.im.ram_inst|DataOutB[8] => syn__457_|C
  Auto covered connection: tc.im.ram_inst|DataOutB[7] => syn__458_|C
  Auto covered connection: tc.im.ram_inst|DataOutB[8] => syn__458_|D
  Auto covered connection: tc.im.ram_inst|DataOutB[7] => syn__459_|C
  Auto covered connection: tc.im.ram_inst|DataOutB[8] => syn__459_|D
  Auto covered connection: tc.im.ram_inst|DataOutB[7] => syn__460_|C
  Auto covered connection: tc.im.ram_inst|DataOutB[8] => syn__460_|D
  Auto covered connection: tc.im.ram_inst|DataOutB[7] => syn__461_|C
  Auto covered connection: tc.im.ram_inst|DataOutB[8] => syn__461_|D
  Auto covered connection: tc.im.ram_inst|DataOutB[8] => syn__462_|D
  Auto covered connection: tc.im.ram_inst|DataOutB[7] => syn__463_|C
  Auto covered connection: tc.im.ram_inst|DataOutB[8] => syn__463_|D
  Auto covered connection: tc.im.ram_inst|DataOutB[8] => syn__464_|C
  Auto covered connection: tc.im.ram_inst|DataOutB[7] => syn__464_|D
  Auto covered connection: tc.im.ram_inst|DataOutB[8] => syn__465_|C
  Auto covered connection: tc.im.ram_inst|DataOutB[7] => syn__465_|D
  Auto covered connection: tc.im.ram_inst|DataOutB[7] => syn__466_|C
  Auto covered connection: tc.im.ram_inst|DataOutB[8] => syn__466_|D
  Auto covered connection: tc.im.ram_inst|DataOutB[8] => syn__467_|C
  Auto covered connection: tc.im.ram_inst|DataOutB[7] => syn__467_|D
  Auto covered connection: tc.im.ram_inst|DataOutB[8] => syn__468_|C
  Auto covered connection: tc.im.ram_inst|DataOutB[7] => syn__469_|C
  Auto covered connection: tc.im.ram_inst|DataOutB[8] => syn__469_|D
  Auto covered connection: tc.im.ram_inst|DataOutB[7] => syn__470_|C
  Auto covered connection: tc.im.ram_inst|DataOutB[8] => syn__470_|D
  Auto covered connection: tc.im.ram_inst|DataOutB[7] => syn__471_|C
  Auto covered connection: tc.im.ram_inst|DataOutB[8] => syn__471_|D
  Auto covered connection: syn__475_|LutOut => syn__472_|B
  Auto covered connection: syn__473_|LutOut => syn__472_|C
  Auto covered connection: syn__474_|LutOut => syn__473_|B
  Auto covered connection: tc.im.ram_inst|DataOutB[7] => syn__473_|D
  Auto covered connection: tc.im.ram_inst|DataOutB[8] => syn__474_|C
  Auto covered connection: tc.im.ram_inst|DataOutB[9] => syn__474_|D
  Auto covered connection: tc.im.ram_inst|DataOutB[9] => syn__475_|B
  Auto covered connection: tc.im.ram_inst|DataOutB[8] => syn__475_|C
  Auto covered connection: tc.im.ram_inst|DataOutB[7] => syn__475_|D
  Auto covered connection: tc.im.ram_inst|DataOutB[7] => syn__476_|C
  Auto covered connection: tc.im.ram_inst|DataOutB[8] => syn__476_|D
  Auto covered connection: syn__478_|LutOut => syn__477_|B
  Auto covered connection: syn__479_|LutOut => syn__477_|C
  Auto covered connection: syn__481_|LutOut => syn__477_|D
  Auto covered connection: syn__392_|LutOut => syn__478_|A
  Auto covered connection: syn__471_|LutOut => syn__478_|B
  Auto covered connection: syn__470_|LutOut => syn__478_|C
  Auto covered connection: tc.im.ram_inst|DataOutB[9] => syn__478_|D
  Auto covered connection: syn__480_|LutOut => syn__479_|C
  Auto covered connection: syn__475_|LutOut => syn__479_|D
  Auto covered connection: tc.im.ram_inst|DataOutB[7] => syn__480_|B
  Auto covered connection: syn__474_|LutOut => syn__480_|D
  Auto covered connection: tc.im.ram_inst|DataOutB[5] => syn__481_|C
  Auto covered connection: tc.im.ram_inst|DataOutB[6] => syn__481_|D
  Auto covered connection: syn__715_|LutOut => syn__482_|A
  Auto covered connection: syn__483_|LutOut => syn__482_|B
  Auto covered connection: tc.im.ram_inst|DataOutB[6] => syn__482_|C
  Auto covered connection: tc.im.ram_inst|DataOutB[5] => syn__482_|D
  Auto covered connection: syn__484_|LutOut => syn__483_|A
  Auto covered connection: syn__485_|LutOut => syn__483_|B
  Auto covered connection: syn__436_|LutOut => syn__483_|C
  Auto covered connection: tc.im.ram_inst|DataOutB[9] => syn__483_|D
  Auto covered connection: syn__437_|LutOut => syn__484_|A
  Auto covered connection: syn__403_|LutOut => syn__484_|C
  Auto covered connection: syn__438_|LutOut => syn__484_|D
  Auto covered connection: syn__475_|LutOut => syn__485_|A
  Auto covered connection: tc.rfA.ram_inst|DataOutB[14] => syn__485_|B
  Auto covered connection: syn__486_|LutOut => syn__485_|C
  Auto covered connection: tc.rfB.ram_inst|DataOutB[14] => syn__485_|D
  Auto covered connection: syn__474_|LutOut => syn__486_|A
  Auto covered connection: tc.rfB.ram_inst|DataOutB[14] => syn__486_|B
  Auto covered connection: tc.im.ram_inst|DataOutB[7] => syn__486_|C
  Auto covered connection: tc.rfA.ram_inst|DataOutB[14] => syn__486_|D
  Auto covered connection: syn__422_|LutOut => syn__487_|A
  Auto covered connection: tc.im.ram_inst|DataOutB[9] => syn__487_|B
  Auto covered connection: syn__408_|LutOut => syn__487_|C
  Auto covered connection: syn__423_|LutOut => syn__487_|D
  Auto covered connection: tc.im.ram_inst|DataOutB[6] => syn__488_|C
  Auto covered connection: tc.im.ram_inst|DataOutB[5] => syn__488_|D
  Auto covered connection: syn__478_|LutOut => syn__489_|A
  Auto covered connection: syn__490_|LutOut => syn__489_|B
  Auto covered connection: syn__479_|LutOut => syn__489_|C
  Auto covered connection: syn__488_|LutOut => syn__489_|D
  Auto covered connection: syn__496_|LutOut => syn__490_|B
  Auto covered connection: syn__491_|LutOut => syn__490_|C
  Auto covered connection: syn__481_|LutOut => syn__490_|D
  Auto covered connection: tc.im.ram_inst|DataOutB[9] => syn__491_|A
  Auto covered connection: syn__494_|LutOut => syn__491_|C
  Auto covered connection: syn__492_|LutOut => syn__491_|D
  Auto covered connection: syn__467_|LutOut => syn__492_|A
  Auto covered connection: syn__493_|LutOut => syn__492_|B
  Auto covered connection: syn__468_|LutOut => syn__492_|C
  Auto covered connection: syn__393_|LutOut => syn__492_|D
  Auto covered connection: syn__466_|LutOut => syn__493_|B
  Auto covered connection: syn__471_|LutOut => syn__493_|D
  Auto covered connection: syn__495_|LutOut => syn__494_|C
  Auto covered connection: syn__475_|LutOut => syn__494_|D
  Auto covered connection: tc.im.ram_inst|DataOutB[7] => syn__495_|B
  Auto covered connection: syn__474_|LutOut => syn__495_|D
  Auto covered connection: syn__717_|LutOut => syn__496_|A
  Auto covered connection: syn__719_|LutOut => syn__496_|B
  Auto covered connection: tc.im.ram_inst|DataOutB[6] => syn__496_|C
  Auto covered connection: tc.im.ram_inst|DataOutB[5] => syn__496_|D
  Auto covered connection: syn__437_|LutOut => syn__497_|C
  Auto covered connection: syn__438_|LutOut => syn__497_|D
  Auto covered connection: syn__409_|LutOut => syn__498_|A
  Auto covered connection: syn__420_|LutOut => syn__498_|C
  Auto covered connection: syn__419_|LutOut => syn__498_|D
  Auto covered connection: syn__418_|LutOut => syn__499_|B
  Auto covered connection: syn__423_|LutOut => syn__499_|D
  Auto covered connection: syn__501_|LutOut => syn__500_|A
  Auto covered connection: syn__597_|LutOut => syn__500_|B
  Auto covered connection: syn__773_|LutOut => syn__500_|C
  Auto covered connection: syn__604_|LutOut => syn__500_|D
  Auto covered connection: syn__593_|LutOut => syn__501_|A
  Auto covered connection: syn__520_|LutOut => syn__501_|B
  Auto covered connection: syn__502_|LutOut => syn__501_|C
  Auto covered connection: syn__727_|LutOut => syn__501_|D
  Auto covered connection: syn__488_|LutOut => syn__502_|A
  Auto covered connection: syn__504_|LutOut => syn__502_|B
  Auto covered connection: syn__508_|LutOut => syn__502_|C
  Auto covered connection: syn__721_|LutOut => syn__502_|D
  Auto covered connection: syn__467_|LutOut => syn__503_|A
  Auto covered connection: syn__468_|LutOut => syn__503_|C
  Auto covered connection: syn__506_|LutOut => syn__504_|B
  Auto covered connection: syn__505_|LutOut => syn__504_|C
  Auto covered connection: syn__481_|LutOut => syn__504_|D
  Auto covered connection: tc.im.ram_inst|DataOutB[9] => syn__505_|A
  Auto covered connection: syn__464_|LutOut => syn__505_|B
  Auto covered connection: syn__394_|LutOut => syn__505_|C
  Auto covered connection: syn__465_|LutOut => syn__505_|D
  Auto covered connection: syn__475_|LutOut => syn__506_|B
  Auto covered connection: syn__507_|LutOut => syn__506_|D
  Auto covered connection: tc.im.ram_inst|DataOutB[7] => syn__507_|B
  Auto covered connection: syn__474_|LutOut => syn__507_|D
  Auto covered connection: syn__725_|LutOut => syn__508_|A
  Auto covered connection: syn__723_|LutOut => syn__508_|B
  Auto covered connection: tc.im.ram_inst|DataOutB[6] => syn__508_|C
  Auto covered connection: tc.im.ram_inst|DataOutB[5] => syn__508_|D
  Auto covered connection: syn__405_|LutOut => syn__509_|B
  Auto covered connection: syn__432_|LutOut => syn__509_|C
  Auto covered connection: syn__431_|LutOut => syn__509_|D
  Auto covered connection: syn__430_|LutOut => syn__510_|B
  Auto covered connection: syn__435_|LutOut => syn__510_|D
  Auto covered connection: syn__512_|LutOut => syn__511_|A
  Auto covered connection: syn__417_|LutOut => syn__511_|B
  Auto covered connection: syn__410_|LutOut => syn__511_|C
  Auto covered connection: tc.im.ram_inst|DataOutB[9] => syn__511_|D
  Auto covered connection: syn__415_|LutOut => syn__512_|C
  Auto covered connection: syn__416_|LutOut => syn__512_|D
  Auto covered connection: syn__505_|LutOut => syn__513_|C
  Auto covered connection: syn__506_|LutOut => syn__513_|D
  Auto covered connection: tc.im.ram_inst|DataOutB[9] => syn__514_|A
  Auto covered connection: syn__515_|LutOut => syn__514_|B
  Auto covered connection: syn__448_|LutOut => syn__514_|C
  Auto covered connection: syn__516_|LutOut => syn__514_|D
  Auto covered connection: syn__399_|LutOut => syn__515_|B
  Auto covered connection: syn__449_|LutOut => syn__515_|C
  Auto covered connection: syn__450_|LutOut => syn__515_|D
  Auto covered connection: syn__475_|LutOut => syn__516_|B
  Auto covered connection: syn__517_|LutOut => syn__516_|D
  Auto covered connection: tc.im.ram_inst|DataOutB[7] => syn__517_|B
  Auto covered connection: syn__474_|LutOut => syn__517_|D
  Auto covered connection: syn__449_|LutOut => syn__518_|C
  Auto covered connection: syn__450_|LutOut => syn__518_|D
  Auto covered connection: tc.im.ram_inst|DataOutB[6] => syn__519_|C
  Auto covered connection: tc.im.ram_inst|DataOutB[5] => syn__519_|D
  Auto covered connection: syn__528_|LutOut => syn__520_|A
  Auto covered connection: syn__769_|LutOut => syn__520_|B
  Auto covered connection: syn__731_|LutOut => syn__520_|C
  Auto covered connection: syn__767_|LutOut => syn__520_|D
  Auto covered connection: syn__460_|LutOut => syn__521_|A
  Auto covered connection: syn__462_|LutOut => syn__521_|B
  Auto covered connection: syn__395_|LutOut => syn__521_|C
  Auto covered connection: syn__461_|LutOut => syn__521_|D
  Auto covered connection: syn__523_|LutOut => syn__522_|A
  Auto covered connection: syn__524_|LutOut => syn__522_|B
  Auto covered connection: tc.im.ram_inst|DataOutB[9] => syn__522_|C
  Auto covered connection: syn__446_|LutOut => syn__522_|D
  Auto covered connection: syn__400_|LutOut => syn__523_|C
  Auto covered connection: syn__447_|LutOut => syn__523_|D
  Auto covered connection: syn__525_|LutOut => syn__524_|A
  Auto covered connection: syn__475_|LutOut => syn__524_|B
  Auto covered connection: tc.im.ram_inst|DataOutB[7] => syn__525_|B
  Auto covered connection: syn__474_|LutOut => syn__525_|D
  Auto covered connection: syn__432_|LutOut => syn__526_|C
  Auto covered connection: syn__431_|LutOut => syn__526_|D
  Auto covered connection: tc.im.ram_inst|DataOutB[5] => syn__527_|C
  Auto covered connection: tc.im.ram_inst|DataOutB[6] => syn__527_|D
  Auto covered connection: syn__529_|LutOut => syn__528_|A
  Auto covered connection: syn__590_|LutOut => syn__528_|B
  Auto covered connection: syn__587_|LutOut => syn__528_|C
  Auto covered connection: syn__536_|LutOut => syn__528_|D
  Auto covered connection: syn__531_|LutOut => syn__529_|A
  Auto covered connection: syn__737_|LutOut => syn__529_|B
  Auto covered connection: syn__527_|LutOut => syn__529_|C
  Auto covered connection: syn__461_|LutOut => syn__530_|B
  Auto covered connection: syn__462_|LutOut => syn__530_|D
  Auto covered connection: syn__534_|LutOut => syn__531_|B
  Auto covered connection: syn__739_|LutOut => syn__531_|C
  Auto covered connection: syn__519_|LutOut => syn__531_|D
  Auto covered connection: syn__442_|LutOut => syn__532_|B
  Auto covered connection: syn__401_|LutOut => syn__532_|C
  Auto covered connection: syn__443_|LutOut => syn__532_|D
  Auto covered connection: syn__444_|LutOut => syn__533_|B
  Auto covered connection: syn__447_|LutOut => syn__533_|D
  Auto covered connection: syn__735_|LutOut => syn__534_|A
  Auto covered connection: syn__741_|LutOut => syn__534_|B
  Auto covered connection: syn__481_|LutOut => syn__534_|C
  Auto covered connection: syn__488_|LutOut => syn__534_|D
  Auto covered connection: syn__406_|LutOut => syn__535_|A
  Auto covered connection: syn__429_|LutOut => syn__535_|B
  Auto covered connection: syn__428_|LutOut => syn__535_|C
  Auto covered connection: tc.im.ram_inst|DataOutB[9] => syn__535_|D
  Auto covered connection: syn__548_|LutOut => syn__536_|A
  Auto covered connection: syn__560_|LutOut => syn__536_|B
  Auto covered connection: syn__537_|LutOut => syn__536_|C
  Auto covered connection: syn__745_|LutOut => syn__536_|D
  Auto covered connection: syn__527_|LutOut => syn__537_|A
  Auto covered connection: syn__538_|LutOut => syn__537_|B
  Auto covered connection: syn__539_|LutOut => syn__537_|C
  Auto covered connection: syn__546_|LutOut => syn__537_|D
  Auto covered connection: syn__396_|LutOut => syn__538_|A
  Auto covered connection: syn__458_|LutOut => syn__538_|B
  Auto covered connection: tc.im.ram_inst|DataOutB[9] => syn__538_|C
  Auto covered connection: syn__459_|LutOut => syn__538_|D
  Auto covered connection: syn__541_|LutOut => syn__539_|B
  Auto covered connection: syn__743_|LutOut => syn__539_|C
  Auto covered connection: syn__519_|LutOut => syn__539_|D
  Auto covered connection: syn__443_|LutOut => syn__540_|B
  Auto covered connection: syn__442_|LutOut => syn__540_|D
  Auto covered connection: syn__741_|LutOut => syn__541_|A
  Auto covered connection: syn__481_|LutOut => syn__541_|B
  Auto covered connection: syn__542_|LutOut => syn__541_|C
  Auto covered connection: syn__488_|LutOut => syn__541_|D
  Auto covered connection: syn__544_|LutOut => syn__542_|A
  Auto covered connection: syn__543_|LutOut => syn__542_|B
  Auto covered connection: syn__424_|LutOut => syn__542_|C
  Auto covered connection: tc.im.ram_inst|DataOutB[9] => syn__542_|D
  Auto covered connection: syn__426_|LutOut => syn__543_|B
  Auto covered connection: syn__425_|LutOut => syn__543_|C
  Auto covered connection: syn__407_|LutOut => syn__543_|D
  Auto covered connection: syn__475_|LutOut => syn__544_|A
  Auto covered connection: tc.rfA.ram_inst|DataOutB[8] => syn__544_|B
  Auto covered connection: tc.rfB.ram_inst|DataOutB[8] => syn__544_|C
  Auto covered connection: syn__545_|LutOut => syn__544_|D
  Auto covered connection: tc.im.ram_inst|DataOutB[7] => syn__545_|A
  Auto covered connection: syn__474_|LutOut => syn__545_|B
  Auto covered connection: tc.rfA.ram_inst|DataOutB[8] => syn__545_|C
  Auto covered connection: tc.rfB.ram_inst|DataOutB[8] => syn__545_|D
  Auto covered connection: syn__475_|LutOut => syn__546_|B
  Auto covered connection: syn__547_|LutOut => syn__546_|C
  Auto covered connection: tc.im.ram_inst|DataOutB[7] => syn__547_|B
  Auto covered connection: syn__474_|LutOut => syn__547_|D
  Auto covered connection: syn__519_|LutOut => syn__548_|A
  Auto covered connection: syn__538_|LutOut => syn__548_|B
  Auto covered connection: syn__546_|LutOut => syn__548_|C
  Auto covered connection: syn__549_|LutOut => syn__548_|D
  Auto covered connection: syn__550_|LutOut => syn__549_|B
  Auto covered connection: syn__739_|LutOut => syn__549_|C
  Auto covered connection: syn__488_|LutOut => syn__549_|D
  Auto covered connection: syn__743_|LutOut => syn__550_|A
  Auto covered connection: syn__551_|LutOut => syn__550_|B
  Auto covered connection: syn__527_|LutOut => syn__550_|C
  Auto covered connection: syn__481_|LutOut => syn__550_|D
  Auto covered connection: tc.im.ram_inst|DataOutB[9] => syn__551_|A
  Auto covered connection: syn__552_|LutOut => syn__551_|B
  Auto covered connection: syn__554_|LutOut => syn__551_|C
  Auto covered connection: syn__413_|LutOut => syn__551_|D
  Auto covered connection: syn__475_|LutOut => syn__552_|A
  Auto covered connection: syn__553_|LutOut => syn__552_|B
  Auto covered connection: tc.rfA.ram_inst|DataOutB[0] => syn__552_|C
  Auto covered connection: tc.rfB.ram_inst|DataOutB[0] => syn__552_|D
  Auto covered connection: tc.im.ram_inst|DataOutB[7] => syn__553_|A
  Auto covered connection: syn__474_|LutOut => syn__553_|B
  Auto covered connection: tc.rfA.ram_inst|DataOutB[0] => syn__553_|C
  Auto covered connection: tc.rfB.ram_inst|DataOutB[0] => syn__553_|D
  Auto covered connection: tc.rfA.ram_inst|DataOutB[0] => syn__554_|A
  Auto covered connection: tc.rfB.ram_inst|DataOutB[0] => syn__554_|B
  Auto covered connection: tc.im.ram_inst|DataOutB[7] => syn__554_|C
  Auto covered connection: tc.im.ram_inst|DataOutB[8] => syn__554_|D
  Auto covered connection: syn__455_|LutOut => syn__555_|B
  Auto covered connection: syn__397_|LutOut => syn__555_|C
  Auto covered connection: syn__456_|LutOut => syn__555_|D
  Auto covered connection: syn__454_|LutOut => syn__556_|B
  Auto covered connection: syn__459_|LutOut => syn__556_|D
  Auto covered connection: tc.im.ram_inst|DataOutB[9] => syn__557_|A
  Auto covered connection: syn__441_|LutOut => syn__557_|B
  Auto covered connection: syn__402_|LutOut => syn__557_|C
  Auto covered connection: syn__558_|LutOut => syn__557_|D
  Auto covered connection: syn__439_|LutOut => syn__558_|C
  Auto covered connection: syn__440_|LutOut => syn__558_|D
  Auto covered connection: syn__425_|LutOut => syn__559_|C
  Auto covered connection: syn__426_|LutOut => syn__559_|D
  Auto covered connection: syn__561_|LutOut => syn__560_|A
  Auto covered connection: syn__565_|LutOut => syn__560_|B
  Auto covered connection: syn__757_|LutOut => syn__560_|C
  Auto covered connection: syn__572_|LutOut => syn__560_|D
  Auto covered connection: syn__753_|LutOut => syn__561_|B
  Auto covered connection: syn__527_|LutOut => syn__561_|C
  Auto covered connection: syn__563_|LutOut => syn__561_|D
  Auto covered connection: syn__456_|LutOut => syn__562_|C
  Auto covered connection: syn__455_|LutOut => syn__562_|D
  Auto covered connection: syn__564_|LutOut => syn__563_|A
  Auto covered connection: syn__519_|LutOut => syn__563_|B
  Auto covered connection: syn__483_|LutOut => syn__563_|C
  Auto covered connection: syn__715_|LutOut => syn__564_|A
  Auto covered connection: syn__481_|LutOut => syn__564_|B
  Auto covered connection: syn__751_|LutOut => syn__564_|C
  Auto covered connection: syn__488_|LutOut => syn__564_|D
  Auto covered connection: syn__568_|LutOut => syn__565_|B
  Auto covered connection: syn__755_|LutOut => syn__565_|C
  Auto covered connection: syn__527_|LutOut => syn__565_|D
  Auto covered connection: syn__453_|LutOut => syn__566_|A
  Auto covered connection: syn__398_|LutOut => syn__566_|C
  Auto covered connection: syn__452_|LutOut => syn__567_|B
  Auto covered connection: syn__451_|LutOut => syn__567_|D
  Auto covered connection: syn__569_|LutOut => syn__568_|B
  Auto covered connection: syn__717_|LutOut => syn__568_|C
  Auto covered connection: syn__519_|LutOut => syn__568_|D
  Auto covered connection: syn__719_|LutOut => syn__569_|A
  Auto covered connection: syn__481_|LutOut => syn__569_|B
  Auto covered connection: syn__715_|LutOut => syn__569_|C
  Auto covered connection: syn__488_|LutOut => syn__569_|D
  Auto covered connection: syn__434_|LutOut => syn__570_|A
  Auto covered connection: syn__435_|LutOut => syn__570_|B
  Auto covered connection: syn__404_|LutOut => syn__570_|C
  Auto covered connection: tc.im.ram_inst|DataOutB[9] => syn__570_|D
  Auto covered connection: syn__420_|LutOut => syn__571_|C
  Auto covered connection: syn__419_|LutOut => syn__571_|D
  Auto covered connection: syn__573_|LutOut => syn__572_|A
  Auto covered connection: syn__576_|LutOut => syn__572_|B
  Auto covered connection: syn__584_|LutOut => syn__572_|C
  Auto covered connection: syn__580_|LutOut => syn__572_|D
  Auto covered connection: syn__574_|LutOut => syn__573_|B
  Auto covered connection: syn__729_|LutOut => syn__573_|C
  Auto covered connection: syn__527_|LutOut => syn__573_|D
  Auto covered connection: syn__575_|LutOut => syn__574_|B
  Auto covered connection: syn__723_|LutOut => syn__574_|C
  Auto covered connection: syn__519_|LutOut => syn__574_|D
  Auto covered connection: syn__761_|LutOut => syn__575_|A
  Auto covered connection: syn__488_|LutOut => syn__575_|B
  Auto covered connection: syn__725_|LutOut => syn__575_|C
  Auto covered connection: syn__481_|LutOut => syn__575_|D
  Auto covered connection: syn__577_|LutOut => syn__576_|B
  Auto covered connection: syn__527_|LutOut => syn__576_|C
  Auto covered connection: syn__522_|LutOut => syn__576_|D
  Auto covered connection: syn__578_|LutOut => syn__577_|A
  Auto covered connection: syn__735_|LutOut => syn__577_|C
  Auto covered connection: syn__519_|LutOut => syn__577_|D
  Auto covered connection: syn__763_|LutOut => syn__578_|A
  Auto covered connection: syn__725_|LutOut => syn__578_|B
  Auto covered connection: syn__481_|LutOut => syn__578_|C
  Auto covered connection: syn__488_|LutOut => syn__578_|D
  Auto covered connection: syn__414_|LutOut => syn__579_|A
  Auto covered connection: syn__412_|LutOut => syn__579_|B
  Auto covered connection: syn__411_|LutOut => syn__579_|C
  Auto covered connection: syn__413_|LutOut => syn__579_|D
  Auto covered connection: syn__581_|LutOut => syn__580_|B
  Auto covered connection: syn__527_|LutOut => syn__580_|C
  Auto covered connection: syn__739_|LutOut => syn__580_|D
  Auto covered connection: syn__582_|LutOut => syn__581_|B
  Auto covered connection: syn__741_|LutOut => syn__581_|C
  Auto covered connection: syn__519_|LutOut => syn__581_|D
  Auto covered connection: syn__763_|LutOut => syn__582_|A
  Auto covered connection: syn__765_|LutOut => syn__582_|B
  Auto covered connection: syn__481_|LutOut => syn__582_|C
  Auto covered connection: syn__488_|LutOut => syn__582_|D
  Auto covered connection: syn__411_|LutOut => syn__583_|C
  Auto covered connection: syn__412_|LutOut => syn__583_|D
  Auto covered connection: syn__743_|LutOut => syn__584_|A
  Auto covered connection: syn__527_|LutOut => syn__584_|C
  Auto covered connection: syn__585_|LutOut => syn__584_|D
  Auto covered connection: syn__519_|LutOut => syn__585_|A
  Auto covered connection: syn__586_|LutOut => syn__585_|C
  Auto covered connection: syn__542_|LutOut => syn__585_|D
  Auto covered connection: syn__551_|LutOut => syn__586_|A
  Auto covered connection: syn__765_|LutOut => syn__586_|B
  Auto covered connection: syn__481_|LutOut => syn__586_|C
  Auto covered connection: syn__488_|LutOut => syn__586_|D
  Auto covered connection: syn__519_|LutOut => syn__587_|A
  Auto covered connection: syn__588_|LutOut => syn__587_|C
  Auto covered connection: syn__737_|LutOut => syn__587_|D
  Auto covered connection: syn__589_|LutOut => syn__588_|A
  Auto covered connection: syn__522_|LutOut => syn__588_|C
  Auto covered connection: syn__488_|LutOut => syn__588_|D
  Auto covered connection: syn__765_|LutOut => syn__589_|A
  Auto covered connection: syn__739_|LutOut => syn__589_|B
  Auto covered connection: syn__527_|LutOut => syn__589_|C
  Auto covered connection: syn__481_|LutOut => syn__589_|D
  Auto covered connection: syn__737_|LutOut => syn__590_|A
  Auto covered connection: syn__591_|LutOut => syn__590_|B
  Auto covered connection: syn__592_|LutOut => syn__590_|C
  Auto covered connection: syn__488_|LutOut => syn__590_|D
  Auto covered connection: syn__481_|LutOut => syn__591_|A
  Auto covered connection: syn__538_|LutOut => syn__591_|B
  Auto covered connection: syn__546_|LutOut => syn__591_|D
  Auto covered connection: syn__542_|LutOut => syn__592_|A
  Auto covered connection: syn__551_|LutOut => syn__592_|B
  Auto covered connection: tc.im.ram_inst|DataOutB[6] => syn__592_|C
  Auto covered connection: tc.im.ram_inst|DataOutB[5] => syn__592_|D
  Auto covered connection: syn__513_|LutOut => syn__593_|A
  Auto covered connection: syn__771_|LutOut => syn__593_|B
  Auto covered connection: syn__594_|LutOut => syn__593_|C
  Auto covered connection: syn__488_|LutOut => syn__593_|D
  Auto covered connection: syn__595_|LutOut => syn__594_|A
  Auto covered connection: syn__506_|LutOut => syn__594_|B
  Auto covered connection: syn__505_|LutOut => syn__594_|C
  Auto covered connection: syn__527_|LutOut => syn__594_|D
  Auto covered connection: syn__596_|LutOut => syn__595_|B
  Auto covered connection: syn__729_|LutOut => syn__595_|C
  Auto covered connection: syn__519_|LutOut => syn__595_|D
  Auto covered connection: syn__481_|LutOut => syn__596_|A
  Auto covered connection: syn__488_|LutOut => syn__596_|B
  Auto covered connection: syn__723_|LutOut => syn__596_|C
  Auto covered connection: syn__759_|LutOut => syn__596_|D
  Auto covered connection: syn__598_|LutOut => syn__597_|C
  Auto covered connection: syn__601_|LutOut => syn__597_|D
  Auto covered connection: syn__519_|LutOut => syn__598_|A
  Auto covered connection: syn__721_|LutOut => syn__598_|C
  Auto covered connection: syn__599_|LutOut => syn__598_|D
  Auto covered connection: syn__600_|LutOut => syn__599_|B
  Auto covered connection: syn__755_|LutOut => syn__599_|C
  Auto covered connection: syn__488_|LutOut => syn__599_|D
  Auto covered connection: syn__761_|LutOut => syn__600_|A
  Auto covered connection: syn__514_|LutOut => syn__600_|B
  Auto covered connection: syn__527_|LutOut => syn__600_|C
  Auto covered connection: syn__481_|LutOut => syn__600_|D
  Auto covered connection: syn__721_|LutOut => syn__601_|A
  Auto covered connection: syn__527_|LutOut => syn__601_|C
  Auto covered connection: syn__602_|LutOut => syn__601_|D
  Auto covered connection: syn__603_|LutOut => syn__602_|B
  Auto covered connection: syn__514_|LutOut => syn__602_|C
  Auto covered connection: syn__519_|LutOut => syn__602_|D
  Auto covered connection: syn__759_|LutOut => syn__603_|A
  Auto covered connection: syn__481_|LutOut => syn__603_|B
  Auto covered connection: syn__717_|LutOut => syn__603_|C
  Auto covered connection: syn__488_|LutOut => syn__603_|D
  Auto covered connection: syn__775_|LutOut => syn__604_|A
  Auto covered connection: syn__606_|LutOut => syn__604_|B
  Auto covered connection: syn__605_|LutOut => syn__604_|C
  Auto covered connection: syn__607_|LutOut => syn__604_|D
  Auto covered connection: syn__494_|LutOut => syn__605_|A
  Auto covered connection: syn__492_|LutOut => syn__605_|B
  Auto covered connection: tc.im.ram_inst|DataOutB[9] => syn__605_|C
  Auto covered connection: syn__527_|LutOut => syn__605_|D
  Auto covered connection: tc.im.ram_inst|DataOutB[9] => syn__606_|A
  Auto covered connection: syn__492_|LutOut => syn__606_|B
  Auto covered connection: syn__494_|LutOut => syn__606_|C
  Auto covered connection: syn__488_|LutOut => syn__606_|D
  Auto covered connection: syn__483_|LutOut => syn__607_|B
  Auto covered connection: syn__608_|LutOut => syn__607_|C
  Auto covered connection: syn__488_|LutOut => syn__607_|D
  Auto covered connection: syn__717_|LutOut => syn__608_|A
  Auto covered connection: syn__755_|LutOut => syn__608_|B
  Auto covered connection: tc.im.ram_inst|DataOutB[6] => syn__608_|C
  Auto covered connection: tc.im.ram_inst|DataOutB[5] => syn__608_|D
  Auto covered connection: syn__610_|LutOut => syn__609_|B
  Auto covered connection: syn__613_|LutOut => syn__609_|D
  Auto covered connection: syn__478_|LutOut => syn__610_|A
  Auto covered connection: syn__479_|LutOut => syn__610_|B
  Auto covered connection: syn__519_|LutOut => syn__610_|C
  Auto covered connection: syn__611_|LutOut => syn__610_|D
  Auto covered connection: syn__612_|LutOut => syn__611_|B
  Auto covered connection: syn__747_|LutOut => syn__611_|C
  Auto covered connection: syn__488_|LutOut => syn__611_|D
  Auto covered connection: syn__527_|LutOut => syn__612_|A
  Auto covered connection: syn__481_|LutOut => syn__612_|B
  Auto covered connection: syn__753_|LutOut => syn__612_|C
  Auto covered connection: syn__715_|LutOut => syn__612_|D
  Auto covered connection: syn__527_|LutOut => syn__613_|A
  Auto covered connection: syn__479_|LutOut => syn__613_|B
  Auto covered connection: syn__614_|LutOut => syn__613_|C
  Auto covered connection: syn__478_|LutOut => syn__613_|D
  Auto covered connection: syn__519_|LutOut => syn__614_|B
  Auto covered connection: syn__615_|LutOut => syn__614_|C
  Auto covered connection: syn__753_|LutOut => syn__614_|D
  Auto covered connection: syn__481_|LutOut => syn__615_|A
  Auto covered connection: syn__483_|LutOut => syn__615_|B
  Auto covered connection: syn__749_|LutOut => syn__615_|C
  Auto covered connection: syn__488_|LutOut => syn__615_|D
  Auto covered connection: syn__623_|LutOut => syn__616_|A
  Auto covered connection: syn__620_|LutOut => syn__616_|C
  Auto covered connection: syn__617_|LutOut => syn__616_|D
  Auto covered connection: syn__618_|LutOut => syn__617_|B
  Auto covered connection: syn__527_|LutOut => syn__617_|C
  Auto covered connection: syn__390_|LutOut => syn__617_|D
  Auto covered connection: syn__519_|LutOut => syn__618_|A
  Auto covered connection: syn__747_|LutOut => syn__618_|C
  Auto covered connection: syn__619_|LutOut => syn__618_|D
  Auto covered connection: syn__488_|LutOut => syn__619_|A
  Auto covered connection: syn__743_|LutOut => syn__619_|B
  Auto covered connection: syn__749_|LutOut => syn__619_|C
  Auto covered connection: syn__481_|LutOut => syn__619_|D
  Auto covered connection: syn__390_|LutOut => syn__620_|B
  Auto covered connection: syn__621_|LutOut => syn__620_|C
  Auto covered connection: syn__481_|LutOut => syn__620_|D
  Auto covered connection: syn__527_|LutOut => syn__621_|A
  Auto covered connection: syn__749_|LutOut => syn__621_|B
  Auto covered connection: syn__622_|LutOut => syn__621_|D
  Auto covered connection: syn__519_|LutOut => syn__622_|A
  Auto covered connection: syn__551_|LutOut => syn__622_|B
  Auto covered connection: syn__751_|LutOut => syn__622_|C
  Auto covered connection: syn__488_|LutOut => syn__622_|D
  Auto covered connection: syn__624_|LutOut => syn__623_|B
  Auto covered connection: syn__519_|LutOut => syn__623_|C
  Auto covered connection: syn__390_|LutOut => syn__623_|D
  Auto covered connection: syn__488_|LutOut => syn__624_|A
  Auto covered connection: syn__538_|LutOut => syn__624_|B
  Auto covered connection: syn__625_|LutOut => syn__624_|C
  Auto covered connection: syn__546_|LutOut => syn__624_|D
  Auto covered connection: syn__747_|LutOut => syn__625_|A
  Auto covered connection: syn__751_|LutOut => syn__625_|B
  Auto covered connection: syn__527_|LutOut => syn__625_|C
  Auto covered connection: syn__481_|LutOut => syn__625_|D
  Auto covered connection: syn__620_|LutOut => syn__626_|C
  Auto covered connection: tc.im.ram_inst|DataOutB[4] => syn__626_|D
  Auto covered connection: tc.im.ram_inst|DataOutB[1] => syn__627_|A
  Auto covered connection: tc.im.ram_inst|DataOutB[0] => syn__627_|B
  Auto covered connection: tc.im.ram_inst|DataOutB[2] => syn__627_|C
  Auto covered connection: syn__817_|Q => syn__629_|C
  Auto covered connection: syn__387_|LutOut => syn__629_|D
  Auto covered connection: syn__818_|Q => syn__631_|B
  Auto covered connection: syn__817_|Q => syn__631_|C
  Auto covered connection: syn__387_|LutOut => syn__631_|D
  Auto covered connection: syn__819_|Q => syn__633_|A
  Auto covered connection: syn__818_|Q => syn__633_|B
  Auto covered connection: syn__817_|Q => syn__633_|C
  Auto covered connection: syn__387_|LutOut => syn__633_|D
  Auto covered connection: syn__636_|LutOut => syn__635_|A
  Auto covered connection: syn__817_|Q => syn__635_|C
  Auto covered connection: syn__387_|LutOut => syn__635_|D
  Auto covered connection: syn__820_|Q => syn__636_|A
  Auto covered connection: syn__819_|Q => syn__636_|C
  Auto covered connection: syn__818_|Q => syn__636_|D
  Auto covered connection: syn__822_|Q => syn__638_|A
  Auto covered connection: syn__639_|LutOut => syn__638_|B
  Auto covered connection: syn__817_|Q => syn__638_|C
  Auto covered connection: syn__387_|LutOut => syn__638_|D
  Auto covered connection: syn__636_|LutOut => syn__639_|C
  Auto covered connection: syn__821_|Q => syn__639_|D
  Auto covered connection: syn__823_|Q => syn__641_|A
  Auto covered connection: syn__387_|LutOut => syn__641_|B
  Auto covered connection: syn__642_|LutOut => syn__641_|C
  Auto covered connection: syn__817_|Q => syn__641_|D
  Auto covered connection: syn__822_|Q => syn__642_|C
  Auto covered connection: syn__639_|LutOut => syn__642_|D
  Auto covered connection: tc.im.ram_inst|DataOutB[0] => syn__644_|A
  Auto covered connection: tc.im.ram_inst|DataOutB[2] => syn__644_|C
  Auto covered connection: tc.im.ram_inst|DataOutB[1] => syn__644_|D
  Uncovered connection: syn__775_|LutOut => syn__648_|A
  Uncovered connection: syn__370_|LutOut => syn__648_|C
  Uncovered connection: syn__606_|LutOut => syn__648_|D
  Uncovered connection: syn__771_|LutOut => syn__651_|A
  Uncovered connection: syn__488_|LutOut => syn__651_|B
  Uncovered connection: syn__513_|LutOut => syn__651_|C
  Uncovered connection: syn__370_|LutOut => syn__651_|D
  Uncovered connection: syn__644_|LutOut => syn__655_|D
  Uncovered connection: syn__644_|LutOut => syn__657_|C
  Uncovered connection: syn__644_|LutOut => syn__659_|D
  Uncovered connection: syn__644_|LutOut => syn__661_|C
  Uncovered connection: syn__644_|LutOut => syn__663_|C
  Uncovered connection: syn__644_|LutOut => syn__665_|C
  Auto covered connection: syn__667_|LutOut => syn__666_|A
  Auto covered connection: syn__587_|LutOut => syn__666_|C
  Auto covered connection: syn__370_|LutOut => syn__666_|D
  Auto covered connection: tc.dm.ram_inst|DataOutB[17] => syn__667_|B
  Auto covered connection: syn__644_|LutOut => syn__667_|C
  Auto covered connection: tc.im.ram_inst|DataOutB[17] => syn__667_|D
  Auto covered connection: syn__669_|LutOut => syn__668_|A
  Auto covered connection: syn__548_|LutOut => syn__668_|C
  Auto covered connection: syn__370_|LutOut => syn__668_|D
  Auto covered connection: tc.dm.ram_inst|DataOutB[16] => syn__669_|A
  Auto covered connection: syn__644_|LutOut => syn__669_|C
  Auto covered connection: tc.im.ram_inst|DataOutB[16] => syn__669_|D
  Auto covered connection: syn__617_|LutOut => syn__670_|A
  Auto covered connection: syn__671_|LutOut => syn__670_|C
  Auto covered connection: syn__370_|LutOut => syn__670_|D
  Auto covered connection: tc.im.ram_inst|DataOutB[15] => syn__671_|B
  Auto covered connection: syn__644_|LutOut => syn__671_|C
  Auto covered connection: tc.dm.ram_inst|DataOutB[15] => syn__671_|D
  Auto covered connection: syn__673_|LutOut => syn__672_|B
  Auto covered connection: syn__613_|LutOut => syn__672_|C
  Auto covered connection: syn__370_|LutOut => syn__672_|D
  Auto covered connection: syn__644_|LutOut => syn__673_|B
  Auto covered connection: tc.dm.ram_inst|DataOutB[14] => syn__673_|C
  Auto covered connection: tc.im.ram_inst|DataOutB[14] => syn__673_|D
  Auto covered connection: syn__607_|LutOut => syn__674_|A
  Auto covered connection: syn__675_|LutOut => syn__674_|B
  Auto covered connection: syn__605_|LutOut => syn__674_|C
  Auto covered connection: syn__370_|LutOut => syn__674_|D
  Auto covered connection: tc.im.ram_inst|DataOutB[13] => syn__675_|A
  Auto covered connection: syn__644_|LutOut => syn__675_|B
  Auto covered connection: tc.dm.ram_inst|DataOutB[13] => syn__675_|D
  Auto covered connection: syn__370_|LutOut => syn__676_|B
  Auto covered connection: syn__677_|LutOut => syn__676_|C
  Auto covered connection: syn__601_|LutOut => syn__676_|D
  Auto covered connection: syn__644_|LutOut => syn__677_|A
  Auto covered connection: tc.im.ram_inst|DataOutB[12] => syn__677_|B
  Auto covered connection: tc.dm.ram_inst|DataOutB[12] => syn__677_|D
  Auto covered connection: syn__679_|LutOut => syn__678_|A
  Auto covered connection: syn__594_|LutOut => syn__678_|C
  Auto covered connection: syn__370_|LutOut => syn__678_|D
  Auto covered connection: tc.dm.ram_inst|DataOutB[11] => syn__679_|B
  Auto covered connection: tc.im.ram_inst|DataOutB[11] => syn__679_|C
  Auto covered connection: syn__644_|LutOut => syn__679_|D
  Auto covered connection: syn__681_|LutOut => syn__680_|A
  Auto covered connection: syn__731_|LutOut => syn__680_|C
  Auto covered connection: syn__370_|LutOut => syn__680_|D
  Auto covered connection: tc.dm.ram_inst|DataOutB[10] => syn__681_|B
  Auto covered connection: syn__644_|LutOut => syn__681_|C
  Auto covered connection: tc.im.ram_inst|DataOutB[10] => syn__681_|D
  Auto covered connection: syn__529_|LutOut => syn__682_|B
  Auto covered connection: syn__683_|LutOut => syn__682_|C
  Auto covered connection: syn__370_|LutOut => syn__682_|D
  Auto covered connection: tc.dm.ram_inst|DataOutB[9] => syn__683_|A
  Auto covered connection: syn__644_|LutOut => syn__683_|B
  Auto covered connection: tc.im.ram_inst|DataOutB[9] => syn__683_|C
  Auto covered connection: syn__685_|LutOut => syn__684_|B
  Auto covered connection: syn__537_|LutOut => syn__684_|C
  Auto covered connection: syn__370_|LutOut => syn__684_|D
  Auto covered connection: syn__644_|LutOut => syn__685_|B
  Auto covered connection: tc.dm.ram_inst|DataOutB[8] => syn__685_|C
  Auto covered connection: tc.im.ram_inst|DataOutB[8] => syn__685_|D
  Auto covered connection: syn__687_|LutOut => syn__686_|B
  Auto covered connection: syn__745_|LutOut => syn__686_|C
  Auto covered connection: syn__370_|LutOut => syn__686_|D
  Auto covered connection: syn__644_|LutOut => syn__687_|B
  Auto covered connection: tc.im.ram_inst|DataOutB[7] => syn__687_|C
  Auto covered connection: tc.dm.ram_inst|DataOutB[7] => syn__687_|D
  Auto covered connection: syn__689_|LutOut => syn__688_|A
  Auto covered connection: syn__690_|LutOut => syn__688_|B
  Auto covered connection: syn__561_|LutOut => syn__688_|C
  Auto covered connection: syn__370_|LutOut => syn__688_|D
  Auto covered connection: syn__817_|Q => syn__689_|A
  Auto covered connection: syn__823_|Q => syn__689_|B
  Auto covered connection: syn__642_|LutOut => syn__689_|C
  Auto covered connection: syn__627_|LutOut => syn__689_|D
  Auto covered connection: tc.dm.ram_inst|DataOutB[6] => syn__690_|B
  Auto covered connection: tc.im.ram_inst|DataOutB[6] => syn__690_|C
  Auto covered connection: syn__644_|LutOut => syn__690_|D
  Auto covered connection: syn__692_|LutOut => syn__691_|B
  Auto covered connection: syn__565_|LutOut => syn__691_|C
  Auto covered connection: syn__370_|LutOut => syn__691_|D
  Auto covered connection: syn__693_|LutOut => syn__692_|A
  Auto covered connection: syn__627_|LutOut => syn__692_|C
  Auto covered connection: syn__694_|LutOut => syn__692_|D
  Auto covered connection: syn__822_|Q => syn__693_|A
  Auto covered connection: syn__817_|Q => syn__693_|C
  Auto covered connection: syn__639_|LutOut => syn__693_|D
  Auto covered connection: syn__644_|LutOut => syn__694_|B
  Auto covered connection: tc.dm.ram_inst|DataOutB[5] => syn__694_|C
  Auto covered connection: tc.im.ram_inst|DataOutB[5] => syn__694_|D
  Auto covered connection: syn__696_|LutOut => syn__695_|A
  Auto covered connection: syn__698_|LutOut => syn__695_|B
  Auto covered connection: syn__757_|LutOut => syn__695_|C
  Auto covered connection: syn__370_|LutOut => syn__695_|D
  Auto covered connection: syn__821_|Q => syn__696_|A
  Auto covered connection: syn__820_|Q => syn__696_|B
  Auto covered connection: syn__697_|LutOut => syn__696_|C
  Auto covered connection: syn__627_|LutOut => syn__696_|D
  Auto covered connection: syn__819_|Q => syn__697_|A
  Auto covered connection: syn__817_|Q => syn__697_|C
  Auto covered connection: syn__818_|Q => syn__697_|D
  Auto covered connection: syn__644_|LutOut => syn__698_|B
  Auto covered connection: tc.im.ram_inst|DataOutB[4] => syn__698_|C
  Auto covered connection: tc.dm.ram_inst|DataOutB[4] => syn__698_|D
  Auto covered connection: syn__700_|LutOut => syn__699_|A
  Auto covered connection: syn__573_|LutOut => syn__699_|C
  Auto covered connection: syn__370_|LutOut => syn__699_|D
  Auto covered connection: syn__697_|LutOut => syn__700_|A
  Auto covered connection: syn__701_|LutOut => syn__700_|B
  Auto covered connection: syn__627_|LutOut => syn__700_|C
  Auto covered connection: syn__820_|Q => syn__700_|D
  Auto covered connection: syn__644_|LutOut => syn__701_|B
  Auto covered connection: tc.dm.ram_inst|DataOutB[3] => syn__701_|C
  Auto covered connection: tc.im.ram_inst|DataOutB[3] => syn__701_|D
  Auto covered connection: syn__576_|LutOut => syn__702_|A
  Auto covered connection: syn__704_|LutOut => syn__702_|B
  Auto covered connection: syn__370_|LutOut => syn__702_|C
  Auto covered connection: syn__703_|LutOut => syn__702_|D
  Auto covered connection: syn__819_|Q => syn__703_|A
  Auto covered connection: syn__818_|Q => syn__703_|B
  Auto covered connection: syn__817_|Q => syn__703_|C
  Auto covered connection: syn__627_|LutOut => syn__703_|D
  Auto covered connection: tc.im.ram_inst|DataOutB[2] => syn__704_|A
  Auto covered connection: syn__644_|LutOut => syn__704_|C
  Auto covered connection: tc.dm.ram_inst|DataOutB[2] => syn__704_|D
  Auto covered connection: syn__580_|LutOut => syn__705_|B
  Auto covered connection: syn__706_|LutOut => syn__705_|C
  Auto covered connection: syn__370_|LutOut => syn__705_|D
  Auto covered connection: syn__707_|LutOut => syn__706_|C
  Auto covered connection: tc.im.ram_inst|DataOutB[1] => syn__706_|D
  Auto covered connection: syn__708_|LutOut => syn__707_|B
  Auto covered connection: tc.dm.ram_inst|DataOutB[1] => syn__707_|C
  Auto covered connection: syn__644_|LutOut => syn__707_|D
  Auto covered connection: syn__818_|Q => syn__708_|B
  Auto covered connection: syn__817_|Q => syn__708_|C
  Auto covered connection: syn__627_|LutOut => syn__708_|D
  Auto covered connection: syn__710_|LutOut => syn__709_|A
  Auto covered connection: syn__584_|LutOut => syn__709_|C
  Auto covered connection: syn__370_|LutOut => syn__709_|D
  Auto covered connection: tc.dm.ram_inst|DataOutB[0] => syn__710_|B
  Auto covered connection: syn__711_|LutOut => syn__710_|C
  Auto covered connection: syn__644_|LutOut => syn__710_|D
  Auto covered connection: tc.im.ram_inst|DataOutB[0] => syn__711_|B
  Auto covered connection: syn__817_|Q => syn__711_|C
  Auto covered connection: syn__627_|LutOut => syn__711_|D
  Auto covered connection: tc.im.ram_inst|DataOutB[1] => syn__712_|B
  Auto covered connection: tc.im.ram_inst|DataOutB[0] => syn__712_|C
  Auto covered connection: syn__370_|LutOut => syn__712_|D
  Auto covered connection: tc.im.ram_inst|DataOutB[0] => syn__713_|B
  Auto covered connection: tc.im.ram_inst|DataOutB[1] => syn__713_|C
  Auto covered connection: syn__370_|LutOut => syn__713_|D
  Auto covered connection: tc.rfA.ram_inst|DataOutB[6] => syn__714_|A
  Auto covered connection: tc.im.ram_inst|DataOutB[8] => syn__714_|B
  Auto covered connection: tc.im.ram_inst|DataOutB[7] => syn__714_|C
  Auto covered connection: tc.rfB.ram_inst|DataOutB[6] => syn__714_|D
  Auto covered connection: syn__714_|LutOut => syn__715_|B
  Auto covered connection: syn__487_|LutOut => syn__715_|C
  Auto covered connection: tc.im.ram_inst|DataOutB[9] => syn__715_|D
  Auto covered connection: tc.rfB.ram_inst|DataOutB[13] => syn__716_|A
  Auto covered connection: tc.rfA.ram_inst|DataOutB[13] => syn__716_|B
  Auto covered connection: tc.im.ram_inst|DataOutB[7] => syn__716_|C
  Auto covered connection: tc.im.ram_inst|DataOutB[8] => syn__716_|D
  Auto covered connection: syn__716_|LutOut => syn__717_|A
  Auto covered connection: tc.im.ram_inst|DataOutB[9] => syn__717_|B
  Auto covered connection: syn__497_|LutOut => syn__717_|C
  Auto covered connection: syn__403_|LutOut => syn__717_|D
  Auto covered connection: tc.rfA.ram_inst|DataOutB[5] => syn__718_|A
  Auto covered connection: tc.im.ram_inst|DataOutB[8] => syn__718_|B
  Auto covered connection: tc.rfB.ram_inst|DataOutB[5] => syn__718_|C
  Auto covered connection: tc.im.ram_inst|DataOutB[7] => syn__718_|D
  Auto covered connection: syn__718_|LutOut => syn__719_|A
  Auto covered connection: syn__498_|LutOut => syn__719_|B
  Auto covered connection: syn__499_|LutOut => syn__719_|C
  Auto covered connection: tc.im.ram_inst|DataOutB[9] => syn__719_|D
  Auto covered connection: tc.im.ram_inst|DataOutB[8] => syn__720_|C
  Auto covered connection: tc.im.ram_inst|DataOutB[7] => syn__720_|D
  Auto covered connection: tc.im.ram_inst|DataOutB[9] => syn__721_|A
  Auto covered connection: syn__720_|LutOut => syn__721_|B
  Auto covered connection: syn__503_|LutOut => syn__721_|C
  Auto covered connection: syn__393_|LutOut => syn__721_|D
  Auto covered connection: tc.rfB.ram_inst|DataOutB[11] => syn__722_|A
  Auto covered connection: tc.rfA.ram_inst|DataOutB[11] => syn__722_|B
  Auto covered connection: tc.im.ram_inst|DataOutB[7] => syn__722_|C
  Auto covered connection: tc.im.ram_inst|DataOutB[8] => syn__722_|D
  Auto covered connection: syn__510_|LutOut => syn__723_|A
  Auto covered connection: syn__509_|LutOut => syn__723_|B
  Auto covered connection: syn__722_|LutOut => syn__723_|C
  Auto covered connection: tc.im.ram_inst|DataOutB[9] => syn__723_|D
  Auto covered connection: tc.rfA.ram_inst|DataOutB[3] => syn__724_|A
  Auto covered connection: tc.im.ram_inst|DataOutB[7] => syn__724_|B
  Auto covered connection: tc.rfB.ram_inst|DataOutB[3] => syn__724_|C
  Auto covered connection: tc.im.ram_inst|DataOutB[8] => syn__724_|D
  Auto covered connection: tc.im.ram_inst|DataOutB[9] => syn__725_|A
  Auto covered connection: syn__511_|LutOut => syn__725_|C
  Auto covered connection: syn__724_|LutOut => syn__725_|D
  Auto covered connection: syn__725_|LutOut => syn__726_|A
  Auto covered connection: syn__514_|LutOut => syn__726_|B
  Auto covered connection: tc.im.ram_inst|DataOutB[6] => syn__726_|C
  Auto covered connection: tc.im.ram_inst|DataOutB[5] => syn__726_|D
  Auto covered connection: syn__513_|LutOut => syn__727_|A
  Auto covered connection: syn__726_|LutOut => syn__727_|B
  Auto covered connection: syn__729_|LutOut => syn__727_|C
  Auto covered connection: tc.im.ram_inst|DataOutB[5] => syn__727_|D
  Auto covered connection: tc.im.ram_inst|DataOutB[7] => syn__728_|C
  Auto covered connection: tc.im.ram_inst|DataOutB[8] => syn__728_|D
  Auto covered connection: syn__728_|LutOut => syn__729_|A
  Auto covered connection: syn__518_|LutOut => syn__729_|B
  Auto covered connection: tc.im.ram_inst|DataOutB[9] => syn__729_|C
  Auto covered connection: syn__399_|LutOut => syn__729_|D
  Auto covered connection: syn__735_|LutOut => syn__730_|A
  Auto covered connection: tc.im.ram_inst|DataOutB[6] => syn__730_|B
  Auto covered connection: syn__522_|LutOut => syn__730_|C
  Auto covered connection: tc.im.ram_inst|DataOutB[5] => syn__730_|D
  Auto covered connection: syn__730_|LutOut => syn__731_|A
  Auto covered connection: syn__733_|LutOut => syn__731_|B
  Auto covered connection: syn__723_|LutOut => syn__731_|C
  Auto covered connection: tc.im.ram_inst|DataOutB[5] => syn__731_|D
  Auto covered connection: tc.im.ram_inst|DataOutB[7] => syn__732_|C
  Auto covered connection: tc.im.ram_inst|DataOutB[8] => syn__732_|D
  Auto covered connection: syn__521_|LutOut => syn__733_|A
  Auto covered connection: syn__732_|LutOut => syn__733_|C
  Auto covered connection: tc.im.ram_inst|DataOutB[9] => syn__733_|D
  Auto covered connection: tc.rfA.ram_inst|DataOutB[10] => syn__734_|A
  Auto covered connection: tc.rfB.ram_inst|DataOutB[10] => syn__734_|B
  Auto covered connection: tc.im.ram_inst|DataOutB[7] => syn__734_|C
  Auto covered connection: tc.im.ram_inst|DataOutB[8] => syn__734_|D
  Auto covered connection: syn__526_|LutOut => syn__735_|A
  Auto covered connection: syn__734_|LutOut => syn__735_|B
  Auto covered connection: syn__405_|LutOut => syn__735_|C
  Auto covered connection: tc.im.ram_inst|DataOutB[9] => syn__735_|D
  Auto covered connection: tc.im.ram_inst|DataOutB[7] => syn__736_|C
  Auto covered connection: tc.im.ram_inst|DataOutB[8] => syn__736_|D
  Auto covered connection: syn__530_|LutOut => syn__737_|A
  Auto covered connection: syn__736_|LutOut => syn__737_|B
  Auto covered connection: syn__395_|LutOut => syn__737_|C
  Auto covered connection: tc.im.ram_inst|DataOutB[9] => syn__737_|D
  Auto covered connection: tc.im.ram_inst|DataOutB[8] => syn__738_|A
  Auto covered connection: tc.rfB.ram_inst|DataOutB[17] => syn__738_|B
  Auto covered connection: tc.im.ram_inst|DataOutB[7] => syn__738_|C
  Auto covered connection: tc.rfA.ram_inst|DataOutB[17] => syn__738_|D
  Auto covered connection: syn__533_|LutOut => syn__739_|A
  Auto covered connection: syn__532_|LutOut => syn__739_|B
  Auto covered connection: syn__738_|LutOut => syn__739_|C
  Auto covered connection: tc.im.ram_inst|DataOutB[9] => syn__739_|D
  Auto covered connection: tc.rfB.ram_inst|DataOutB[9] => syn__740_|A
  Auto covered connection: tc.im.ram_inst|DataOutB[8] => syn__740_|B
  Auto covered connection: tc.im.ram_inst|DataOutB[7] => syn__740_|C
  Auto covered connection: tc.rfA.ram_inst|DataOutB[9] => syn__740_|D
  Auto covered connection: syn__740_|LutOut => syn__741_|B
  Auto covered connection: syn__535_|LutOut => syn__741_|C
  Auto covered connection: tc.im.ram_inst|DataOutB[9] => syn__741_|D
  Auto covered connection: tc.rfA.ram_inst|DataOutB[16] => syn__742_|A
  Auto covered connection: tc.rfB.ram_inst|DataOutB[16] => syn__742_|B
  Auto covered connection: tc.im.ram_inst|DataOutB[7] => syn__742_|C
  Auto covered connection: tc.im.ram_inst|DataOutB[8] => syn__742_|D
  Auto covered connection: syn__742_|LutOut => syn__743_|A
  Auto covered connection: syn__540_|LutOut => syn__743_|B
  Auto covered connection: syn__401_|LutOut => syn__743_|C
  Auto covered connection: tc.im.ram_inst|DataOutB[9] => syn__743_|D
  Auto covered connection: tc.im.ram_inst|DataOutB[5] => syn__744_|A
  Auto covered connection: syn__749_|LutOut => syn__744_|B
  Auto covered connection: syn__751_|LutOut => syn__744_|C
  Auto covered connection: tc.im.ram_inst|DataOutB[6] => syn__744_|D
  Auto covered connection: syn__744_|LutOut => syn__745_|A
  Auto covered connection: syn__542_|LutOut => syn__745_|B
  Auto covered connection: syn__747_|LutOut => syn__745_|C
  Auto covered connection: tc.im.ram_inst|DataOutB[5] => syn__745_|D
  Auto covered connection: tc.im.ram_inst|DataOutB[7] => syn__746_|C
  Auto covered connection: tc.im.ram_inst|DataOutB[8] => syn__746_|D
  Auto covered connection: syn__556_|LutOut => syn__747_|A
  Auto covered connection: tc.im.ram_inst|DataOutB[9] => syn__747_|B
  Auto covered connection: syn__746_|LutOut => syn__747_|C
  Auto covered connection: syn__555_|LutOut => syn__747_|D
  Auto covered connection: tc.im.ram_inst|DataOutB[8] => syn__748_|A
  Auto covered connection: tc.rfA.ram_inst|DataOutB[15] => syn__748_|B
  Auto covered connection: tc.im.ram_inst|DataOutB[7] => syn__748_|C
  Auto covered connection: tc.rfB.ram_inst|DataOutB[15] => syn__748_|D
  Auto covered connection: syn__748_|LutOut => syn__749_|B
  Auto covered connection: tc.im.ram_inst|DataOutB[9] => syn__749_|C
  Auto covered connection: syn__557_|LutOut => syn__749_|D
  Auto covered connection: tc.rfA.ram_inst|DataOutB[7] => syn__750_|A
  Auto covered connection: tc.im.ram_inst|DataOutB[8] => syn__750_|B
  Auto covered connection: tc.im.ram_inst|DataOutB[7] => syn__750_|C
  Auto covered connection: tc.rfB.ram_inst|DataOutB[7] => syn__750_|D
  Auto covered connection: syn__559_|LutOut => syn__751_|A
  Auto covered connection: syn__407_|LutOut => syn__751_|B
  Auto covered connection: syn__750_|LutOut => syn__751_|C
  Auto covered connection: tc.im.ram_inst|DataOutB[9] => syn__751_|D
  Auto covered connection: tc.im.ram_inst|DataOutB[7] => syn__752_|C
  Auto covered connection: tc.im.ram_inst|DataOutB[8] => syn__752_|D
  Auto covered connection: syn__562_|LutOut => syn__753_|A
  Auto covered connection: tc.im.ram_inst|DataOutB[9] => syn__753_|B
  Auto covered connection: syn__752_|LutOut => syn__753_|C
  Auto covered connection: syn__397_|LutOut => syn__753_|D
  Auto covered connection: tc.im.ram_inst|DataOutB[8] => syn__754_|C
  Auto covered connection: tc.im.ram_inst|DataOutB[7] => syn__754_|D
  Auto covered connection: syn__754_|LutOut => syn__755_|A
  Auto covered connection: syn__567_|LutOut => syn__755_|B
  Auto covered connection: syn__566_|LutOut => syn__755_|C
  Auto covered connection: tc.im.ram_inst|DataOutB[9] => syn__755_|D
  Auto covered connection: syn__761_|LutOut => syn__756_|A
  Auto covered connection: syn__759_|LutOut => syn__756_|B
  Auto covered connection: tc.im.ram_inst|DataOutB[6] => syn__756_|C
  Auto covered connection: tc.im.ram_inst|DataOutB[5] => syn__756_|D
  Auto covered connection: syn__756_|LutOut => syn__757_|A
  Auto covered connection: syn__514_|LutOut => syn__757_|B
  Auto covered connection: syn__719_|LutOut => syn__757_|C
  Auto covered connection: tc.im.ram_inst|DataOutB[5] => syn__757_|D
  Auto covered connection: tc.rfA.ram_inst|DataOutB[12] => syn__758_|A
  Auto covered connection: tc.im.ram_inst|DataOutB[7] => syn__758_|B
  Auto covered connection: tc.rfB.ram_inst|DataOutB[12] => syn__758_|C
  Auto covered connection: tc.im.ram_inst|DataOutB[8] => syn__758_|D
  Auto covered connection: syn__570_|LutOut => syn__759_|A
  Auto covered connection: tc.im.ram_inst|DataOutB[9] => syn__759_|B
  Auto covered connection: syn__758_|LutOut => syn__759_|D
  Auto covered connection: tc.im.ram_inst|DataOutB[7] => syn__760_|A
  Auto covered connection: tc.rfB.ram_inst|DataOutB[4] => syn__760_|B
  Auto covered connection: tc.rfA.ram_inst|DataOutB[4] => syn__760_|C
  Auto covered connection: tc.im.ram_inst|DataOutB[8] => syn__760_|D
  Auto covered connection: syn__760_|LutOut => syn__761_|A
  Auto covered connection: syn__571_|LutOut => syn__761_|B
  Auto covered connection: syn__409_|LutOut => syn__761_|C
  Auto covered connection: tc.im.ram_inst|DataOutB[9] => syn__761_|D
  Auto covered connection: tc.im.ram_inst|DataOutB[8] => syn__762_|A
  Auto covered connection: tc.rfB.ram_inst|DataOutB[2] => syn__762_|B
  Auto covered connection: tc.rfA.ram_inst|DataOutB[2] => syn__762_|C
  Auto covered connection: tc.im.ram_inst|DataOutB[7] => syn__762_|D
  Auto covered connection: syn__762_|LutOut => syn__763_|B
  Auto covered connection: syn__579_|LutOut => syn__763_|C
  Auto covered connection: tc.im.ram_inst|DataOutB[9] => syn__763_|D
  Auto covered connection: tc.im.ram_inst|DataOutB[8] => syn__764_|A
  Auto covered connection: tc.rfA.ram_inst|DataOutB[1] => syn__764_|B
  Auto covered connection: tc.rfB.ram_inst|DataOutB[1] => syn__764_|C
  Auto covered connection: tc.im.ram_inst|DataOutB[7] => syn__764_|D
  Auto covered connection: tc.im.ram_inst|DataOutB[9] => syn__765_|A
  Auto covered connection: syn__413_|LutOut => syn__765_|B
  Auto covered connection: syn__583_|LutOut => syn__765_|C
  Auto covered connection: syn__764_|LutOut => syn__765_|D
  Auto covered connection: syn__763_|LutOut => syn__766_|A
  Auto covered connection: syn__729_|LutOut => syn__766_|B
  Auto covered connection: tc.im.ram_inst|DataOutB[6] => syn__766_|C
  Auto covered connection: tc.im.ram_inst|DataOutB[5] => syn__766_|D
  Auto covered connection: syn__522_|LutOut => syn__767_|A
  Auto covered connection: syn__766_|LutOut => syn__767_|B
  Auto covered connection: syn__733_|LutOut => syn__767_|C
  Auto covered connection: tc.im.ram_inst|DataOutB[5] => syn__767_|D
  Auto covered connection: syn__737_|LutOut => syn__768_|A
  Auto covered connection: syn__765_|LutOut => syn__768_|B
  Auto covered connection: tc.im.ram_inst|DataOutB[6] => syn__768_|C
  Auto covered connection: tc.im.ram_inst|DataOutB[5] => syn__768_|D
  Auto covered connection: syn__768_|LutOut => syn__769_|A
  Auto covered connection: syn__733_|LutOut => syn__769_|B
  Auto covered connection: syn__741_|LutOut => syn__769_|C
  Auto covered connection: tc.im.ram_inst|DataOutB[5] => syn__769_|D
  Auto covered connection: syn__763_|LutOut => syn__770_|A
  Auto covered connection: syn__735_|LutOut => syn__770_|C
  Auto covered connection: tc.im.ram_inst|DataOutB[5] => syn__770_|D
  Auto covered connection: syn__770_|LutOut => syn__771_|A
  Auto covered connection: syn__733_|LutOut => syn__771_|B
  Auto covered connection: tc.im.ram_inst|DataOutB[6] => syn__771_|C
  Auto covered connection: tc.im.ram_inst|DataOutB[5] => syn__771_|D
  Auto covered connection: syn__753_|LutOut => syn__772_|A
  Auto covered connection: syn__719_|LutOut => syn__772_|B
  Auto covered connection: tc.im.ram_inst|DataOutB[6] => syn__772_|C
  Auto covered connection: tc.im.ram_inst|DataOutB[5] => syn__772_|D
  Auto covered connection: syn__755_|LutOut => syn__773_|A
  Auto covered connection: tc.im.ram_inst|DataOutB[5] => syn__773_|B
  Auto covered connection: syn__772_|LutOut => syn__773_|C
  Auto covered connection: syn__491_|LutOut => syn__773_|D
  Auto covered connection: syn__759_|LutOut => syn__774_|B
  Auto covered connection: syn__761_|LutOut => syn__774_|C
  Auto covered connection: tc.im.ram_inst|DataOutB[5] => syn__774_|D
  Auto covered connection: syn__774_|LutOut => syn__775_|A
  Auto covered connection: syn__721_|LutOut => syn__775_|B
  Auto covered connection: tc.im.ram_inst|DataOutB[6] => syn__775_|C
  Auto covered connection: tc.im.ram_inst|DataOutB[5] => syn__775_|D
  Uncovered connection: syn__809_|Q => syn__776_|datain
  Uncovered connection: syn__810_|Q => syn__777_|datain
  Uncovered connection: syn__811_|Q => syn__778_|datain
  Uncovered connection: syn__812_|Q => syn__779_|datain
  Uncovered connection: syn__813_|Q => syn__780_|datain
  Uncovered connection: syn__814_|Q => syn__781_|datain
  Uncovered connection: syn__815_|Q => syn__782_|datain
  Uncovered connection: syn__816_|Q => syn__783_|datain
  Uncovered connection: syn__809_|Q => syn__784_|datain
  Uncovered connection: syn__810_|Q => syn__785_|datain
  Uncovered connection: syn__811_|Q => syn__786_|datain
  Uncovered connection: syn__812_|Q => syn__787_|datain
  Uncovered connection: syn__813_|Q => syn__788_|datain
  Uncovered connection: syn__814_|Q => syn__789_|datain
  Uncovered connection: syn__815_|Q => syn__790_|datain
  Uncovered connection: syn__816_|Q => syn__791_|datain
  Uncovered connection: syn__809_|Q => syn__792_|datain
  Uncovered connection: syn__810_|Q => syn__793_|datain
  Uncovered connection: syn__811_|Q => syn__794_|datain
  Uncovered connection: syn__812_|Q => syn__795_|datain
  Uncovered connection: syn__813_|Q => syn__796_|datain
  Uncovered connection: syn__814_|Q => syn__797_|datain
  Uncovered connection: syn__815_|Q => syn__798_|datain
  Uncovered connection: syn__816_|Q => syn__799_|datain
  Uncovered connection: syn__809_|Q => syn__800_|datain
  Uncovered connection: syn__810_|Q => syn__801_|datain
  Uncovered connection: syn__811_|Q => syn__802_|datain
  Uncovered connection: syn__812_|Q => syn__803_|datain
  Uncovered connection: syn__813_|Q => syn__804_|datain
  Uncovered connection: syn__814_|Q => syn__805_|datain
  Uncovered connection: syn__815_|Q => syn__806_|datain
  Uncovered connection: syn__816_|Q => syn__807_|datain
  Auto covered connection: syn__366_|LutOut => syn__809_|A
  Auto covered connection: tc.rfA.ram_inst|DataOutB[0] => syn__809_|D
  Auto covered connection: syn__809_|Q => syn__809_|Qin
  Auto covered connection: clken_ctrl_X1009_Y1001_N0|ClkOut => syn__809_|Clk
  Auto covered connection: syn__366_|LutOut => syn__810_|A
  Auto covered connection: tc.rfA.ram_inst|DataOutB[1] => syn__810_|D
  Auto covered connection: syn__810_|Q => syn__810_|Qin
  Auto covered connection: clken_ctrl_X1009_Y1001_N0|ClkOut => syn__810_|Clk
  Auto covered connection: syn__366_|LutOut => syn__811_|A
  Auto covered connection: tc.rfA.ram_inst|DataOutB[2] => syn__811_|D
  Auto covered connection: syn__811_|Q => syn__811_|Qin
  Auto covered connection: clken_ctrl_X1009_Y1001_N0|ClkOut => syn__811_|Clk
  Auto covered connection: tc.rfA.ram_inst|DataOutB[3] => syn__812_|A
  Auto covered connection: syn__366_|LutOut => syn__812_|D
  Auto covered connection: syn__812_|Q => syn__812_|Qin
  Auto covered connection: clken_ctrl_X1009_Y1001_N0|ClkOut => syn__812_|Clk
  Auto covered connection: tc.rfA.ram_inst|DataOutB[4] => syn__813_|B
  Auto covered connection: syn__366_|LutOut => syn__813_|D
  Auto covered connection: syn__813_|Q => syn__813_|Qin
  Auto covered connection: clken_ctrl_X1009_Y1001_N0|ClkOut => syn__813_|Clk
  Auto covered connection: syn__366_|LutOut => syn__814_|B
  Auto covered connection: tc.rfA.ram_inst|DataOutB[5] => syn__814_|D
  Auto covered connection: syn__814_|Q => syn__814_|Qin
  Auto covered connection: clken_ctrl_X1009_Y1001_N0|ClkOut => syn__814_|Clk
  Auto covered connection: tc.rfA.ram_inst|DataOutB[6] => syn__815_|B
  Auto covered connection: syn__366_|LutOut => syn__815_|D
  Auto covered connection: syn__815_|Q => syn__815_|Qin
  Auto covered connection: clken_ctrl_X1009_Y1001_N0|ClkOut => syn__815_|Clk
  Auto covered connection: syn__366_|LutOut => syn__816_|B
  Auto covered connection: tc.rfA.ram_inst|DataOutB[7] => syn__816_|D
  Auto covered connection: syn__816_|Q => syn__816_|Qin
  Auto covered connection: clken_ctrl_X1009_Y1001_N0|ClkOut => syn__816_|Clk
  Auto covered connection: syn__584_|LutOut => syn__817_|A
  Auto covered connection: syn__387_|LutOut => syn__817_|B
  Auto covered connection: syn__627_|LutOut => syn__817_|D
  Auto covered connection: syn__817_|Q => syn__817_|Qin
  Auto covered connection: clken_ctrl_X1011_Y1001_N0|ClkOut => syn__817_|Clk
  Auto covered connection: syn__580_|LutOut => syn__818_|A
  Auto covered connection: syn__629_|LutOut => syn__818_|B
  Auto covered connection: syn__627_|LutOut => syn__818_|D
  Auto covered connection: syn__818_|Q => syn__818_|Qin
  Auto covered connection: clken_ctrl_X1011_Y1001_N0|ClkOut => syn__818_|Clk
  Auto covered connection: syn__576_|LutOut => syn__819_|A
  Auto covered connection: syn__631_|LutOut => syn__819_|B
  Auto covered connection: syn__627_|LutOut => syn__819_|D
  Auto covered connection: syn__819_|Q => syn__819_|Qin
  Auto covered connection: clken_ctrl_X1011_Y1001_N0|ClkOut => syn__819_|Clk
  Auto covered connection: syn__573_|LutOut => syn__820_|A
  Auto covered connection: syn__633_|LutOut => syn__820_|B
  Auto covered connection: syn__627_|LutOut => syn__820_|D
  Auto covered connection: syn__820_|Q => syn__820_|Qin
  Auto covered connection: clken_ctrl_X1012_Y1001_N0|ClkOut => syn__820_|Clk
  Auto covered connection: syn__757_|LutOut => syn__821_|A
  Auto covered connection: syn__627_|LutOut => syn__821_|B
  Auto covered connection: syn__635_|LutOut => syn__821_|D
  Auto covered connection: syn__821_|Q => syn__821_|Qin
  Auto covered connection: clken_ctrl_X1012_Y1001_N0|ClkOut => syn__821_|Clk
  Auto covered connection: syn__565_|LutOut => syn__822_|A
  Auto covered connection: syn__627_|LutOut => syn__822_|C
  Auto covered connection: syn__638_|LutOut => syn__822_|D
  Auto covered connection: clken_ctrl_X1012_Y1001_N0|ClkOut => syn__822_|Clk
  Auto covered connection: syn__561_|LutOut => syn__823_|A
  Auto covered connection: syn__627_|LutOut => syn__823_|C
  Auto covered connection: syn__641_|LutOut => syn__823_|D
  Auto covered connection: clken_ctrl_X1012_Y1001_N0|ClkOut => syn__823_|Clk
  Auto covered connection: tc.rfA.ram_inst|DataOutB[17] => tc.dm.ram_inst|DataInA[17]
  Auto covered connection: tc.rfA.ram_inst|DataOutB[16] => tc.dm.ram_inst|DataInA[16]
  Auto covered connection: tc.rfA.ram_inst|DataOutB[15] => tc.dm.ram_inst|DataInA[15]
  Auto covered connection: tc.rfA.ram_inst|DataOutB[14] => tc.dm.ram_inst|DataInA[14]
  Auto covered connection: tc.rfA.ram_inst|DataOutB[13] => tc.dm.ram_inst|DataInA[13]
  Auto covered connection: tc.rfA.ram_inst|DataOutB[12] => tc.dm.ram_inst|DataInA[12]
  Auto covered connection: tc.rfA.ram_inst|DataOutB[11] => tc.dm.ram_inst|DataInA[11]
  Auto covered connection: tc.rfA.ram_inst|DataOutB[10] => tc.dm.ram_inst|DataInA[10]
  Auto covered connection: tc.rfA.ram_inst|DataOutB[9] => tc.dm.ram_inst|DataInA[9]
  Auto covered connection: tc.rfA.ram_inst|DataOutB[8] => tc.dm.ram_inst|DataInA[8]
  Auto covered connection: tc.rfA.ram_inst|DataOutB[7] => tc.dm.ram_inst|DataInA[7]
  Auto covered connection: tc.rfA.ram_inst|DataOutB[6] => tc.dm.ram_inst|DataInA[6]
  Auto covered connection: tc.rfA.ram_inst|DataOutB[5] => tc.dm.ram_inst|DataInA[5]
  Auto covered connection: tc.rfA.ram_inst|DataOutB[4] => tc.dm.ram_inst|DataInA[4]
  Auto covered connection: tc.rfA.ram_inst|DataOutB[3] => tc.dm.ram_inst|DataInA[3]
  Auto covered connection: tc.rfA.ram_inst|DataOutB[2] => tc.dm.ram_inst|DataInA[2]
  Auto covered connection: tc.rfA.ram_inst|DataOutB[1] => tc.dm.ram_inst|DataInA[1]
  Auto covered connection: tc.rfA.ram_inst|DataOutB[0] => tc.dm.ram_inst|DataInA[0]
  Auto covered connection: tc.rfB.ram_inst|DataOutB[6] => tc.dm.ram_inst|AddressA[6]
  Auto covered connection: tc.rfB.ram_inst|DataOutB[5] => tc.dm.ram_inst|AddressA[5]
  Auto covered connection: tc.rfB.ram_inst|DataOutB[4] => tc.dm.ram_inst|AddressA[4]
  Auto covered connection: tc.rfB.ram_inst|DataOutB[3] => tc.dm.ram_inst|AddressA[3]
  Auto covered connection: tc.rfB.ram_inst|DataOutB[2] => tc.dm.ram_inst|AddressA[2]
  Auto covered connection: tc.rfB.ram_inst|DataOutB[1] => tc.dm.ram_inst|AddressA[1]
  Auto covered connection: tc.rfB.ram_inst|DataOutB[0] => tc.dm.ram_inst|AddressA[0]
  Auto covered connection: tc.rfB.ram_inst|DataOutB[6] => tc.dm.ram_inst|AddressB[6]
  Auto covered connection: tc.rfB.ram_inst|DataOutB[5] => tc.dm.ram_inst|AddressB[5]
  Auto covered connection: tc.rfB.ram_inst|DataOutB[4] => tc.dm.ram_inst|AddressB[4]
  Auto covered connection: tc.rfB.ram_inst|DataOutB[3] => tc.dm.ram_inst|AddressB[3]
  Auto covered connection: tc.rfB.ram_inst|DataOutB[2] => tc.dm.ram_inst|AddressB[2]
  Auto covered connection: tc.rfB.ram_inst|DataOutB[1] => tc.dm.ram_inst|AddressB[1]
  Auto covered connection: tc.rfB.ram_inst|DataOutB[0] => tc.dm.ram_inst|AddressB[0]
  Auto covered connection: syn__808_|combout => tc.dm.ram_inst|Clk0
  Auto covered connection: syn__808_|combout => tc.dm.ram_inst|Clk1
  Auto covered connection: syn__712_|LutOut => tc.dm.ram_inst|WeRenA
  Auto covered connection: tc.rfA.ram_inst|DataOutB[17] => tc.im.ram_inst|DataInA[17]
  Auto covered connection: tc.rfA.ram_inst|DataOutB[16] => tc.im.ram_inst|DataInA[16]
  Auto covered connection: tc.rfA.ram_inst|DataOutB[15] => tc.im.ram_inst|DataInA[15]
  Auto covered connection: tc.rfA.ram_inst|DataOutB[14] => tc.im.ram_inst|DataInA[14]
  Auto covered connection: tc.rfA.ram_inst|DataOutB[13] => tc.im.ram_inst|DataInA[13]
  Auto covered connection: tc.rfA.ram_inst|DataOutB[12] => tc.im.ram_inst|DataInA[12]
  Auto covered connection: tc.rfA.ram_inst|DataOutB[11] => tc.im.ram_inst|DataInA[11]
  Auto covered connection: tc.rfA.ram_inst|DataOutB[10] => tc.im.ram_inst|DataInA[10]
  Auto covered connection: tc.rfA.ram_inst|DataOutB[9] => tc.im.ram_inst|DataInA[9]
  Auto covered connection: tc.rfA.ram_inst|DataOutB[8] => tc.im.ram_inst|DataInA[8]
  Auto covered connection: tc.rfA.ram_inst|DataOutB[7] => tc.im.ram_inst|DataInA[7]
  Auto covered connection: tc.rfA.ram_inst|DataOutB[6] => tc.im.ram_inst|DataInA[6]
  Auto covered connection: tc.rfA.ram_inst|DataOutB[5] => tc.im.ram_inst|DataInA[5]
  Auto covered connection: tc.rfA.ram_inst|DataOutB[4] => tc.im.ram_inst|DataInA[4]
  Auto covered connection: tc.rfA.ram_inst|DataOutB[3] => tc.im.ram_inst|DataInA[3]
  Auto covered connection: tc.rfA.ram_inst|DataOutB[2] => tc.im.ram_inst|DataInA[2]
  Auto covered connection: tc.rfA.ram_inst|DataOutB[1] => tc.im.ram_inst|DataInA[1]
  Auto covered connection: tc.rfA.ram_inst|DataOutB[0] => tc.im.ram_inst|DataInA[0]
  Auto covered connection: tc.rfB.ram_inst|DataOutB[6] => tc.im.ram_inst|AddressA[6]
  Auto covered connection: tc.rfB.ram_inst|DataOutB[5] => tc.im.ram_inst|AddressA[5]
  Auto covered connection: tc.rfB.ram_inst|DataOutB[4] => tc.im.ram_inst|AddressA[4]
  Auto covered connection: tc.rfB.ram_inst|DataOutB[3] => tc.im.ram_inst|AddressA[3]
  Auto covered connection: tc.rfB.ram_inst|DataOutB[2] => tc.im.ram_inst|AddressA[2]
  Auto covered connection: tc.rfB.ram_inst|DataOutB[1] => tc.im.ram_inst|AddressA[1]
  Auto covered connection: tc.rfB.ram_inst|DataOutB[0] => tc.im.ram_inst|AddressA[0]
  Auto covered connection: syn__823_|LutOut => tc.im.ram_inst|AddressB[6]
  Auto covered connection: syn__822_|LutOut => tc.im.ram_inst|AddressB[5]
  Auto covered connection: syn__821_|LutOut => tc.im.ram_inst|AddressB[4]
  Auto covered connection: syn__820_|LutOut => tc.im.ram_inst|AddressB[3]
  Auto covered connection: syn__819_|LutOut => tc.im.ram_inst|AddressB[2]
  Auto covered connection: syn__818_|LutOut => tc.im.ram_inst|AddressB[1]
  Auto covered connection: syn__817_|LutOut => tc.im.ram_inst|AddressB[0]
  Auto covered connection: syn__808_|combout => tc.im.ram_inst|Clk0
  Auto covered connection: syn__808_|combout => tc.im.ram_inst|Clk1
  Auto covered connection: syn__713_|LutOut => tc.im.ram_inst|WeRenA
  Auto covered connection: syn__666_|LutOut => tc.rfA.ram_inst|DataInA[17]
  Auto covered connection: syn__668_|LutOut => tc.rfA.ram_inst|DataInA[16]
  Auto covered connection: syn__670_|LutOut => tc.rfA.ram_inst|DataInA[15]
  Auto covered connection: syn__672_|LutOut => tc.rfA.ram_inst|DataInA[14]
  Auto covered connection: syn__674_|LutOut => tc.rfA.ram_inst|DataInA[13]
  Auto covered connection: syn__676_|LutOut => tc.rfA.ram_inst|DataInA[12]
  Auto covered connection: syn__678_|LutOut => tc.rfA.ram_inst|DataInA[11]
  Auto covered connection: syn__680_|LutOut => tc.rfA.ram_inst|DataInA[10]
  Auto covered connection: syn__682_|LutOut => tc.rfA.ram_inst|DataInA[9]
  Auto covered connection: syn__684_|LutOut => tc.rfA.ram_inst|DataInA[8]
  Auto covered connection: syn__686_|LutOut => tc.rfA.ram_inst|DataInA[7]
  Auto covered connection: syn__688_|LutOut => tc.rfA.ram_inst|DataInA[6]
  Auto covered connection: syn__691_|LutOut => tc.rfA.ram_inst|DataInA[5]
  Auto covered connection: syn__695_|LutOut => tc.rfA.ram_inst|DataInA[4]
  Auto covered connection: syn__699_|LutOut => tc.rfA.ram_inst|DataInA[3]
  Auto covered connection: syn__702_|LutOut => tc.rfA.ram_inst|DataInA[2]
  Auto covered connection: syn__705_|LutOut => tc.rfA.ram_inst|DataInA[1]
  Auto covered connection: syn__709_|LutOut => tc.rfA.ram_inst|DataInA[0]
  Auto covered connection: tc.im.ram_inst|DataOutB[17] => tc.rfA.ram_inst|AddressB[0]
  Auto covered connection: syn__808_|combout => tc.rfA.ram_inst|Clk0
  Auto covered connection: syn__808_|combout => tc.rfA.ram_inst|Clk1
  Auto covered connection: syn__666_|LutOut => tc.rfB.ram_inst|DataInA[17]
  Auto covered connection: syn__668_|LutOut => tc.rfB.ram_inst|DataInA[16]
  Auto covered connection: syn__670_|LutOut => tc.rfB.ram_inst|DataInA[15]
  Auto covered connection: syn__672_|LutOut => tc.rfB.ram_inst|DataInA[14]
  Auto covered connection: syn__674_|LutOut => tc.rfB.ram_inst|DataInA[13]
  Auto covered connection: syn__676_|LutOut => tc.rfB.ram_inst|DataInA[12]
  Auto covered connection: syn__678_|LutOut => tc.rfB.ram_inst|DataInA[11]
  Auto covered connection: syn__680_|LutOut => tc.rfB.ram_inst|DataInA[10]
  Auto covered connection: syn__682_|LutOut => tc.rfB.ram_inst|DataInA[9]
  Auto covered connection: syn__684_|LutOut => tc.rfB.ram_inst|DataInA[8]
  Auto covered connection: syn__686_|LutOut => tc.rfB.ram_inst|DataInA[7]
  Auto covered connection: syn__688_|LutOut => tc.rfB.ram_inst|DataInA[6]
  Auto covered connection: syn__691_|LutOut => tc.rfB.ram_inst|DataInA[5]
  Auto covered connection: syn__695_|LutOut => tc.rfB.ram_inst|DataInA[4]
  Auto covered connection: syn__699_|LutOut => tc.rfB.ram_inst|DataInA[3]
  Auto covered connection: syn__702_|LutOut => tc.rfB.ram_inst|DataInA[2]
  Auto covered connection: syn__705_|LutOut => tc.rfB.ram_inst|DataInA[1]
  Auto covered connection: syn__709_|LutOut => tc.rfB.ram_inst|DataInA[0]
  Auto covered connection: tc.im.ram_inst|DataOutB[16] => tc.rfB.ram_inst|AddressB[6]
  Auto covered connection: tc.im.ram_inst|DataOutB[15] => tc.rfB.ram_inst|AddressB[5]
  Auto covered connection: tc.im.ram_inst|DataOutB[14] => tc.rfB.ram_inst|AddressB[4]
  Auto covered connection: tc.im.ram_inst|DataOutB[13] => tc.rfB.ram_inst|AddressB[3]
  Auto covered connection: tc.im.ram_inst|DataOutB[12] => tc.rfB.ram_inst|AddressB[2]
  Auto covered connection: tc.im.ram_inst|DataOutB[11] => tc.rfB.ram_inst|AddressB[1]
  Auto covered connection: tc.im.ram_inst|DataOutB[10] => tc.rfB.ram_inst|AddressB[0]
  Auto covered connection: syn__808_|combout => tc.rfB.ram_inst|Clk0
  Auto covered connection: syn__808_|combout => tc.rfB.ram_inst|Clk1
  User constraints covered 0 connections out of 1432 total, coverage: 0.0%
  Auto constraints covered 1384 connections out of 1432 total, coverage: 96.6%
