Worst +1.0e+30, Best -1.0e+30
Worst   1.052, Best  14.431
Coverage report
  User constraints covered 0 connections out of 1432 total, coverage: 0.0%
  Auto constraints covered 1384 connections out of 1432 total, coverage: 96.6%


Hold   1.052, syn__820_ to syn__820_, clock Internal_generated_clock_Top|clk 0.000, Arr   3.367, Req   2.315
Hold   1.052, syn__821_ to syn__821_, clock Internal_generated_clock_Top|clk 0.000, Arr   3.367, Req   2.315
Hold   1.052, syn__817_ to syn__817_, clock Internal_generated_clock_Top|clk 0.000, Arr   3.400, Req   2.348
Hold   1.052, syn__818_ to syn__818_, clock Internal_generated_clock_Top|clk 0.000, Arr   3.400, Req   2.348
Hold   1.052, syn__816_ to syn__816_, clock Internal_generated_clock_Top|clk 0.000, Arr   2.815, Req   1.763
Hold   1.052, syn__819_ to syn__819_, clock Internal_generated_clock_Top|clk 0.000, Arr   3.400, Req   2.348
Hold   1.052, syn__815_ to syn__815_, clock Internal_generated_clock_Top|clk 0.000, Arr   2.815, Req   1.763
Hold   1.052, syn__810_ to syn__810_, clock Internal_generated_clock_Top|clk 0.000, Arr   2.815, Req   1.763
Hold   1.052, syn__813_ to syn__813_, clock Internal_generated_clock_Top|clk 0.000, Arr   2.815, Req   1.763
Hold   1.052, syn__811_ to syn__811_, clock Internal_generated_clock_Top|clk 0.000, Arr   2.815, Req   1.763
Hold   1.052, syn__814_ to syn__814_, clock Internal_generated_clock_Top|clk 0.000, Arr   2.815, Req   1.763
Hold   1.052, syn__809_ to syn__809_, clock Internal_generated_clock_Top|clk 0.000, Arr   2.815, Req   1.763
Hold   1.052, syn__812_ to syn__812_, clock Internal_generated_clock_Top|clk 0.000, Arr   2.815, Req   1.763
Hold   2.211, syn__817_ to syn__823_, clock Internal_generated_clock_Top|clk 0.000, Arr   4.805, Req   2.594
Hold   2.253, syn__820_ to tc.im.ram_inst, clock Internal_generated_clock_Top|clk 0.000, Arr   4.649, Req   2.396
Hold   2.253, syn__821_ to tc.im.ram_inst, clock Internal_generated_clock_Top|clk 0.000, Arr   4.649, Req   2.396
Hold   2.481, syn__817_ to syn__819_, clock Internal_generated_clock_Top|clk 0.000, Arr   4.775, Req   2.294
Hold   2.481, syn__817_ to syn__818_, clock Internal_generated_clock_Top|clk 0.000, Arr   4.775, Req   2.294
Hold   2.501, syn__817_ to syn__821_, clock Internal_generated_clock_Top|clk 0.000, Arr   5.104, Req   2.603
Hold   2.501, syn__817_ to syn__822_, clock Internal_generated_clock_Top|clk 0.000, Arr   5.104, Req   2.603
Hold   2.725, syn__819_ to tc.im.ram_inst, clock Internal_generated_clock_Top|clk 0.000, Arr   5.121, Req   2.396
Hold   2.725, syn__817_ to tc.im.ram_inst, clock Internal_generated_clock_Top|clk 0.000, Arr   5.121, Req   2.396
Hold   2.725, syn__818_ to tc.im.ram_inst, clock Internal_generated_clock_Top|clk 0.000, Arr   5.121, Req   2.396
Hold   2.835, syn__817_ to syn__820_, clock Internal_generated_clock_Top|clk 0.000, Arr   5.104, Req   2.269
Hold   2.859, tc.rfA.ram_inst to tc.im.ram_inst, clock Internal_generated_clock_Top|clk 0.000, Arr   5.763, Req   2.904
Hold   2.859, tc.rfA.ram_inst to tc.im.ram_inst, clock Internal_generated_clock_Top|clk 0.000, Arr   5.763, Req   2.904
Hold   2.859, tc.rfA.ram_inst to tc.im.ram_inst, clock Internal_generated_clock_Top|clk 0.000, Arr   5.763, Req   2.904
Hold   2.859, tc.rfA.ram_inst to tc.im.ram_inst, clock Internal_generated_clock_Top|clk 0.000, Arr   5.763, Req   2.904
Hold   2.862, tc.rfA.ram_inst to tc.im.ram_inst, clock Internal_generated_clock_Top|clk 0.000, Arr   5.766, Req   2.904
Hold   2.877, tc.rfA.ram_inst to tc.dm.ram_inst, clock Internal_generated_clock_Top|clk 0.000, Arr   5.800, Req   2.923
Hold   2.877, tc.rfA.ram_inst to tc.dm.ram_inst, clock Internal_generated_clock_Top|clk 0.000, Arr   5.800, Req   2.923
Hold   2.877, tc.rfA.ram_inst to tc.dm.ram_inst, clock Internal_generated_clock_Top|clk 0.000, Arr   5.800, Req   2.923
Hold   2.880, tc.rfA.ram_inst to tc.dm.ram_inst, clock Internal_generated_clock_Top|clk 0.000, Arr   5.803, Req   2.923
Hold   2.880, tc.rfA.ram_inst to tc.dm.ram_inst, clock Internal_generated_clock_Top|clk 0.000, Arr   5.803, Req   2.923
Hold   2.880, tc.rfA.ram_inst to tc.dm.ram_inst, clock Internal_generated_clock_Top|clk 0.000, Arr   5.803, Req   2.923
Hold   2.880, tc.rfA.ram_inst to tc.dm.ram_inst, clock Internal_generated_clock_Top|clk 0.000, Arr   5.803, Req   2.923
Hold   2.884, tc.rfA.ram_inst to tc.dm.ram_inst, clock Internal_generated_clock_Top|clk 0.000, Arr   5.807, Req   2.923
Hold   2.951, tc.rfA.ram_inst to tc.im.ram_inst, clock Internal_generated_clock_Top|clk 0.000, Arr   5.855, Req   2.904
Hold   2.951, tc.rfA.ram_inst to tc.im.ram_inst, clock Internal_generated_clock_Top|clk 0.000, Arr   5.855, Req   2.904
Hold   2.951, tc.rfA.ram_inst to tc.im.ram_inst, clock Internal_generated_clock_Top|clk 0.000, Arr   5.855, Req   2.904
Hold   2.951, tc.rfA.ram_inst to tc.im.ram_inst, clock Internal_generated_clock_Top|clk 0.000, Arr   5.855, Req   2.904
Hold   2.951, tc.rfA.ram_inst to tc.im.ram_inst, clock Internal_generated_clock_Top|clk 0.000, Arr   5.855, Req   2.904
Hold   2.955, tc.rfA.ram_inst to tc.im.ram_inst, clock Internal_generated_clock_Top|clk 0.000, Arr   5.859, Req   2.904
Hold   2.959, tc.rfA.ram_inst to tc.im.ram_inst, clock Internal_generated_clock_Top|clk 0.000, Arr   5.863, Req   2.904
Hold   2.969, syn__817_ to tc.im.ram_inst, clock Internal_generated_clock_Top|clk 0.000, Arr   5.365, Req   2.396
Hold   3.260, syn__817_ to tc.im.ram_inst, clock Internal_generated_clock_Top|clk 0.000, Arr   5.656, Req   2.396
Hold   3.319, tc.rfB.ram_inst to tc.im.ram_inst, clock Internal_generated_clock_Top|clk 0.000, Arr   5.723, Req   2.404
Hold   3.335, tc.rfB.ram_inst to tc.dm.ram_inst, clock Internal_generated_clock_Top|clk 0.000, Arr   5.758, Req   2.423
Hold   3.340, tc.rfB.ram_inst to tc.dm.ram_inst, clock Internal_generated_clock_Top|clk 0.000, Arr   5.763, Req   2.423
Hold   3.358, tc.rfB.ram_inst to tc.dm.ram_inst, clock Internal_generated_clock_Top|clk 0.000, Arr   5.781, Req   2.423
Hold   3.360, tc.rfB.ram_inst to tc.im.ram_inst, clock Internal_generated_clock_Top|clk 0.000, Arr   5.764, Req   2.404
Hold   3.360, tc.rfB.ram_inst to tc.dm.ram_inst, clock Internal_generated_clock_Top|clk 0.000, Arr 505.755, Req 502.395
Hold   3.360, tc.rfB.ram_inst to tc.dm.ram_inst, clock Internal_generated_clock_Top|clk 0.000, Arr 505.755, Req 502.395
Hold   3.363, tc.rfB.ram_inst to tc.dm.ram_inst, clock Internal_generated_clock_Top|clk 0.000, Arr 505.758, Req 502.395
Hold   3.368, tc.rfB.ram_inst to tc.dm.ram_inst, clock Internal_generated_clock_Top|clk 0.000, Arr 505.763, Req 502.395
Hold   3.386, tc.rfB.ram_inst to tc.dm.ram_inst, clock Internal_generated_clock_Top|clk 0.000, Arr 505.781, Req 502.395
Hold   3.392, syn__820_ to tc.rfA.ram_inst, clock Internal_generated_clock_Top|clk 0.000, Arr   6.251, Req   2.859
Hold   3.425, tc.rfA.ram_inst to tc.im.ram_inst, clock Internal_generated_clock_Top|clk 0.000, Arr   6.329, Req   2.904
Hold   3.425, tc.rfA.ram_inst to tc.im.ram_inst, clock Internal_generated_clock_Top|clk 0.000, Arr   6.329, Req   2.904
Hold   3.442, tc.rfA.ram_inst to tc.dm.ram_inst, clock Internal_generated_clock_Top|clk 0.000, Arr   6.365, Req   2.923
Hold   3.445, tc.rfA.ram_inst to tc.dm.ram_inst, clock Internal_generated_clock_Top|clk 0.000, Arr   6.368, Req   2.923
Hold   3.445, tc.rfA.ram_inst to tc.dm.ram_inst, clock Internal_generated_clock_Top|clk 0.000, Arr   6.368, Req   2.923
Hold   3.445, tc.rfA.ram_inst to tc.dm.ram_inst, clock Internal_generated_clock_Top|clk 0.000, Arr   6.368, Req   2.923
Hold   3.449, tc.rfA.ram_inst to tc.dm.ram_inst, clock Internal_generated_clock_Top|clk 0.000, Arr   6.372, Req   2.923
Hold   3.459, tc.rfA.ram_inst to tc.dm.ram_inst, clock Internal_generated_clock_Top|clk 0.000, Arr   6.382, Req   2.923
Hold   3.459, tc.rfA.ram_inst to tc.dm.ram_inst, clock Internal_generated_clock_Top|clk 0.000, Arr   6.382, Req   2.923
Hold   3.462, tc.rfA.ram_inst to tc.dm.ram_inst, clock Internal_generated_clock_Top|clk 0.000, Arr   6.385, Req   2.923
Hold   3.464, tc.rfA.ram_inst to tc.im.ram_inst, clock Internal_generated_clock_Top|clk 0.000, Arr   6.368, Req   2.904
Hold   3.476, tc.im.ram_inst to tc.rfA.ram_inst, clock Internal_generated_clock_Top|clk 0.000, Arr 505.809, Req 502.333
Hold   3.500, syn__820_ to tc.rfB.ram_inst, clock Internal_generated_clock_Top|clk 0.000, Arr   6.291, Req   2.791
Hold   3.557, tc.rfA.ram_inst to tc.im.ram_inst, clock Internal_generated_clock_Top|clk 0.000, Arr   6.461, Req   2.904
Hold   3.571, tc.im.ram_inst to tc.rfB.ram_inst, clock Internal_generated_clock_Top|clk 0.000, Arr 505.847, Req 502.276
Hold   3.571, tc.im.ram_inst to tc.rfB.ram_inst, clock Internal_generated_clock_Top|clk 0.000, Arr 505.847, Req 502.276
Hold   3.571, tc.im.ram_inst to tc.rfB.ram_inst, clock Internal_generated_clock_Top|clk 0.000, Arr 505.847, Req 502.276
Hold   3.574, tc.im.ram_inst to tc.rfB.ram_inst, clock Internal_generated_clock_Top|clk 0.000, Arr 505.850, Req 502.276
Hold   3.765, tc.rfB.ram_inst to tc.im.ram_inst, clock Internal_generated_clock_Top|clk 0.000, Arr   6.169, Req   2.404
Hold   3.787, tc.rfB.ram_inst to tc.dm.ram_inst, clock Internal_generated_clock_Top|clk 0.000, Arr   6.210, Req   2.423
Hold   3.836, tc.rfA.ram_inst to tc.im.ram_inst, clock Internal_generated_clock_Top|clk 0.000, Arr   6.740, Req   2.904
Hold   3.878, tc.im.ram_inst to syn__823_, clock Internal_generated_clock_Top|clk 0.000, Arr   6.230, Req   2.352
Hold   3.878, tc.im.ram_inst to syn__822_, clock Internal_generated_clock_Top|clk 0.000, Arr   6.230, Req   2.352
Hold   3.972, tc.im.ram_inst to syn__820_, clock Internal_generated_clock_Top|clk 0.000, Arr   6.566, Req   2.594
Hold   4.092, tc.im.ram_inst to syn__821_, clock Internal_generated_clock_Top|clk 0.000, Arr   6.321, Req   2.229
Hold   4.137, tc.im.ram_inst to tc.rfB.ram_inst, clock Internal_generated_clock_Top|clk 0.000, Arr 506.413, Req 502.276
Hold   4.176, syn__817_ to tc.rfA.ram_inst, clock Internal_generated_clock_Top|clk 0.000, Arr   7.035, Req   2.859
Hold   4.202, tc.rfA.ram_inst to syn__809_, clock Internal_generated_clock_Top|clk 0.000, Arr   6.244, Req   2.042
Hold   4.209, tc.rfB.ram_inst to tc.dm.ram_inst, clock Internal_generated_clock_Top|clk 0.000, Arr   6.632, Req   2.423
Hold   4.211, tc.rfA.ram_inst to tc.im.ram_inst, clock Internal_generated_clock_Top|clk 0.000, Arr   7.115, Req   2.904
Hold   4.234, tc.rfB.ram_inst to tc.im.ram_inst, clock Internal_generated_clock_Top|clk 0.000, Arr   6.638, Req   2.404
Hold   4.245, tc.rfB.ram_inst to tc.im.ram_inst, clock Internal_generated_clock_Top|clk 0.000, Arr   6.649, Req   2.404
Hold   4.246, tc.rfB.ram_inst to tc.dm.ram_inst, clock Internal_generated_clock_Top|clk 0.000, Arr 506.641, Req 502.395
Hold   4.260, tc.rfB.ram_inst to tc.dm.ram_inst, clock Internal_generated_clock_Top|clk 0.000, Arr 506.655, Req 502.395
Hold   4.266, tc.rfB.ram_inst to tc.dm.ram_inst, clock Internal_generated_clock_Top|clk 0.000, Arr   6.689, Req   2.423
Hold   4.275, tc.rfB.ram_inst to tc.im.ram_inst, clock Internal_generated_clock_Top|clk 0.000, Arr   6.679, Req   2.404
Hold   4.324, tc.rfA.ram_inst to tc.dm.ram_inst, clock Internal_generated_clock_Top|clk 0.000, Arr   7.247, Req   2.923
Hold   4.416, tc.im.ram_inst to syn__819_, clock Internal_generated_clock_Top|clk 0.000, Arr   7.043, Req   2.627
Hold   4.416, tc.im.ram_inst to syn__817_, clock Internal_generated_clock_Top|clk 0.000, Arr   7.043, Req   2.627
Hold   4.416, tc.im.ram_inst to syn__818_, clock Internal_generated_clock_Top|clk 0.000, Arr   7.043, Req   2.627
Hold   4.551, tc.rfA.ram_inst to syn__815_, clock Internal_generated_clock_Top|clk 0.000, Arr   6.245, Req   1.694
Hold   4.633, tc.rfA.ram_inst to syn__810_, clock Internal_generated_clock_Top|clk 0.000, Arr   6.675, Req   2.042
Hold   4.638, tc.rfA.ram_inst to syn__811_, clock Internal_generated_clock_Top|clk 0.000, Arr   6.680, Req   2.042
Hold   4.679, tc.rfB.ram_inst to tc.im.ram_inst, clock Internal_generated_clock_Top|clk 0.000, Arr   7.083, Req   2.404
Hold   4.718, tc.rfA.ram_inst to tc.dm.ram_inst, clock Internal_generated_clock_Top|clk 0.000, Arr   7.641, Req   2.923
Hold   4.723, tc.rfA.ram_inst to syn__816_, clock Internal_generated_clock_Top|clk 0.000, Arr   6.765, Req   2.042
Hold   4.726, tc.rfB.ram_inst to tc.dm.ram_inst, clock Internal_generated_clock_Top|clk 0.000, Arr   7.149, Req   2.423
Hold   4.750, tc.im.ram_inst to syn__821_, clock Internal_generated_clock_Top|clk 0.000, Arr   6.996, Req   2.246
Hold   4.980, tc.rfA.ram_inst to syn__813_, clock Internal_generated_clock_Top|clk 0.000, Arr   6.674, Req   1.694
Hold   4.992, syn__817_ to tc.rfA.ram_inst, clock Internal_generated_clock_Top|clk 0.000, Arr   7.851, Req   2.859
Hold   5.011, syn__820_ to tc.rfA.ram_inst, clock Internal_generated_clock_Top|clk 0.000, Arr   7.870, Req   2.859
Hold   5.056, tc.im.ram_inst to tc.rfB.ram_inst, clock Internal_generated_clock_Top|clk 0.000, Arr 507.332, Req 502.276
Hold   5.072, tc.im.ram_inst to tc.rfB.ram_inst, clock Internal_generated_clock_Top|clk 0.000, Arr 507.348, Req 502.276
Hold   5.078, syn__817_ to tc.rfA.ram_inst, clock Internal_generated_clock_Top|clk 0.000, Arr   7.937, Req   2.859
Hold   5.080, tc.rfA.ram_inst to syn__814_, clock Internal_generated_clock_Top|clk 0.000, Arr   7.122, Req   2.042
Hold   5.100, syn__817_ to tc.rfB.ram_inst, clock Internal_generated_clock_Top|clk 0.000, Arr   7.891, Req   2.791
Hold   5.119, syn__820_ to tc.rfB.ram_inst, clock Internal_generated_clock_Top|clk 0.000, Arr   7.910, Req   2.791
Hold   5.186, syn__817_ to tc.rfB.ram_inst, clock Internal_generated_clock_Top|clk 0.000, Arr   7.977, Req   2.791
Hold   5.201, syn__817_ to tc.rfB.ram_inst, clock Internal_generated_clock_Top|clk 0.000, Arr   7.992, Req   2.791
Hold   5.293, tc.dm.ram_inst to tc.rfA.ram_inst, clock Internal_generated_clock_Top|clk 0.000, Arr   8.152, Req   2.859
Hold   5.373, tc.rfA.ram_inst to syn__812_, clock Internal_generated_clock_Top|clk 0.000, Arr   7.050, Req   1.677
Hold   5.424, tc.rfB.ram_inst to syn__813_, clock Internal_generated_clock_Top|clk 0.000, Arr   7.466, Req   2.042
Hold   5.424, tc.rfB.ram_inst to syn__815_, clock Internal_generated_clock_Top|clk 0.000, Arr   7.466, Req   2.042
Hold   5.424, tc.rfB.ram_inst to syn__812_, clock Internal_generated_clock_Top|clk 0.000, Arr   7.466, Req   2.042
Hold   5.447, tc.rfB.ram_inst to syn__809_, clock Internal_generated_clock_Top|clk 0.000, Arr   7.124, Req   1.677
Hold   5.447, tc.rfB.ram_inst to syn__811_, clock Internal_generated_clock_Top|clk 0.000, Arr   7.124, Req   1.677
Hold   5.447, tc.rfB.ram_inst to syn__810_, clock Internal_generated_clock_Top|clk 0.000, Arr   7.124, Req   1.677
Hold   5.772, tc.rfB.ram_inst to syn__814_, clock Internal_generated_clock_Top|clk 0.000, Arr   7.466, Req   1.694
Hold   5.772, tc.rfB.ram_inst to syn__816_, clock Internal_generated_clock_Top|clk 0.000, Arr   7.466, Req   1.694
Hold   5.865, tc.im.ram_inst to syn__822_, clock Internal_generated_clock_Top|clk 0.000, Arr   8.094, Req   2.229
Hold   5.909, syn__817_ to tc.rfA.ram_inst, clock Internal_generated_clock_Top|clk 0.000, Arr   8.768, Req   2.859
Hold   5.914, tc.dm.ram_inst to tc.rfA.ram_inst, clock Internal_generated_clock_Top|clk 0.000, Arr   8.773, Req   2.859
Hold   6.017, syn__817_ to tc.rfB.ram_inst, clock Internal_generated_clock_Top|clk 0.000, Arr   8.808, Req   2.791
Hold   6.017, tc.im.ram_inst to tc.rfA.ram_inst, clock Internal_generated_clock_Top|clk 0.000, Arr   8.876, Req   2.859
Hold   6.032, tc.im.ram_inst to tc.dm.ram_inst, clock Internal_generated_clock_Top|clk 0.000, Arr   8.455, Req   2.423
Hold   6.098, tc.im.ram_inst to tc.rfB.ram_inst, clock Internal_generated_clock_Top|clk 0.000, Arr   8.889, Req   2.791
Hold   6.125, tc.im.ram_inst to tc.rfB.ram_inst, clock Internal_generated_clock_Top|clk 0.000, Arr   8.916, Req   2.791
Hold   6.260, tc.im.ram_inst to tc.rfA.ram_inst, clock Internal_generated_clock_Top|clk 0.000, Arr   9.119, Req   2.859
Hold   6.318, tc.dm.ram_inst to tc.rfB.ram_inst, clock Internal_generated_clock_Top|clk 0.000, Arr   9.109, Req   2.791
Hold   6.417, tc.im.ram_inst to tc.rfA.ram_inst, clock Internal_generated_clock_Top|clk 0.000, Arr   9.276, Req   2.859
Hold   6.429, tc.im.ram_inst to tc.im.ram_inst, clock Internal_generated_clock_Top|clk 0.000, Arr   8.833, Req   2.404
Hold   6.496, tc.dm.ram_inst to tc.rfB.ram_inst, clock Internal_generated_clock_Top|clk 0.000, Arr   9.287, Req   2.791
Hold   6.520, tc.dm.ram_inst to tc.rfA.ram_inst, clock Internal_generated_clock_Top|clk 0.000, Arr   9.379, Req   2.859
Hold   6.575, tc.dm.ram_inst to tc.rfA.ram_inst, clock Internal_generated_clock_Top|clk 0.000, Arr   9.434, Req   2.859
Hold   6.578, tc.dm.ram_inst to tc.rfA.ram_inst, clock Internal_generated_clock_Top|clk 0.000, Arr   9.437, Req   2.859
Hold   6.598, tc.im.ram_inst to syn__817_, clock Internal_generated_clock_Top|clk 0.000, Arr   8.877, Req   2.279
Hold   6.605, tc.dm.ram_inst to tc.rfB.ram_inst, clock Internal_generated_clock_Top|clk 0.000, Arr   9.396, Req   2.791
Hold   6.683, tc.dm.ram_inst to tc.rfB.ram_inst, clock Internal_generated_clock_Top|clk 0.000, Arr   9.474, Req   2.791
Hold   6.686, tc.dm.ram_inst to tc.rfB.ram_inst, clock Internal_generated_clock_Top|clk 0.000, Arr   9.477, Req   2.791
Hold   6.766, tc.im.ram_inst to syn__820_, clock Internal_generated_clock_Top|clk 0.000, Arr   8.995, Req   2.229
Hold   6.768, tc.dm.ram_inst to tc.rfA.ram_inst, clock Internal_generated_clock_Top|clk 0.000, Arr   9.627, Req   2.859
Hold   6.842, tc.im.ram_inst to tc.rfB.ram_inst, clock Internal_generated_clock_Top|clk 0.000, Arr   9.633, Req   2.791
Hold   6.862, tc.dm.ram_inst to tc.rfA.ram_inst, clock Internal_generated_clock_Top|clk 0.000, Arr   9.721, Req   2.859
Hold   6.876, tc.dm.ram_inst to tc.rfB.ram_inst, clock Internal_generated_clock_Top|clk 0.000, Arr   9.667, Req   2.791
Hold   6.890, tc.im.ram_inst to tc.rfA.ram_inst, clock Internal_generated_clock_Top|clk 0.000, Arr   9.749, Req   2.859
Hold   6.900, tc.im.ram_inst to tc.rfA.ram_inst, clock Internal_generated_clock_Top|clk 0.000, Arr   9.759, Req   2.859
Hold   6.967, tc.im.ram_inst to tc.rfA.ram_inst, clock Internal_generated_clock_Top|clk 0.000, Arr   9.826, Req   2.859
Hold   6.975, tc.im.ram_inst to tc.rfB.ram_inst, clock Internal_generated_clock_Top|clk 0.000, Arr   9.766, Req   2.791
Hold   7.018, tc.im.ram_inst to syn__818_, clock Internal_generated_clock_Top|clk 0.000, Arr   9.291, Req   2.273
Hold   7.062, tc.dm.ram_inst to tc.rfA.ram_inst, clock Internal_generated_clock_Top|clk 0.000, Arr   9.921, Req   2.859
Hold   7.104, tc.dm.ram_inst to tc.rfA.ram_inst, clock Internal_generated_clock_Top|clk 0.000, Arr   9.963, Req   2.859
Hold   7.120, tc.dm.ram_inst to tc.rfA.ram_inst, clock Internal_generated_clock_Top|clk 0.000, Arr   9.979, Req   2.859
Hold   7.147, tc.dm.ram_inst to tc.rfB.ram_inst, clock Internal_generated_clock_Top|clk 0.000, Arr   9.938, Req   2.791
Hold   7.149, tc.dm.ram_inst to tc.rfB.ram_inst, clock Internal_generated_clock_Top|clk 0.000, Arr   9.940, Req   2.791
Hold   7.189, tc.dm.ram_inst to tc.rfB.ram_inst, clock Internal_generated_clock_Top|clk 0.000, Arr   9.980, Req   2.791
Hold   7.190, tc.dm.ram_inst to tc.rfA.ram_inst, clock Internal_generated_clock_Top|clk 0.000, Arr  10.049, Req   2.859
Hold   7.211, tc.dm.ram_inst to tc.rfA.ram_inst, clock Internal_generated_clock_Top|clk 0.000, Arr  10.070, Req   2.859
Hold   7.223, tc.im.ram_inst to tc.rfA.ram_inst, clock Internal_generated_clock_Top|clk 0.000, Arr  10.082, Req   2.859
Hold   7.226, tc.im.ram_inst to tc.rfA.ram_inst, clock Internal_generated_clock_Top|clk 0.000, Arr  10.085, Req   2.859
Hold   7.228, tc.dm.ram_inst to tc.rfB.ram_inst, clock Internal_generated_clock_Top|clk 0.000, Arr  10.019, Req   2.791
Hold   7.239, tc.im.ram_inst to syn__815_, clock Internal_generated_clock_Top|clk 0.000, Arr   9.281, Req   2.042
Hold   7.239, tc.im.ram_inst to syn__813_, clock Internal_generated_clock_Top|clk 0.000, Arr   9.281, Req   2.042
Hold   7.239, tc.im.ram_inst to syn__812_, clock Internal_generated_clock_Top|clk 0.000, Arr   9.281, Req   2.042
Hold   7.262, tc.im.ram_inst to syn__811_, clock Internal_generated_clock_Top|clk 0.000, Arr   8.939, Req   1.677
Hold   7.262, tc.im.ram_inst to syn__810_, clock Internal_generated_clock_Top|clk 0.000, Arr   8.939, Req   1.677
Hold   7.262, tc.im.ram_inst to syn__809_, clock Internal_generated_clock_Top|clk 0.000, Arr   8.939, Req   1.677
Hold   7.299, tc.im.ram_inst to tc.rfA.ram_inst, clock Internal_generated_clock_Top|clk 0.000, Arr  10.158, Req   2.859
Hold   7.309, tc.im.ram_inst to tc.rfA.ram_inst, clock Internal_generated_clock_Top|clk 0.000, Arr  10.168, Req   2.859
Hold   7.313, tc.dm.ram_inst to tc.rfA.ram_inst, clock Internal_generated_clock_Top|clk 0.000, Arr  10.172, Req   2.859
Hold   7.336, tc.dm.ram_inst to tc.rfA.ram_inst, clock Internal_generated_clock_Top|clk 0.000, Arr  10.195, Req   2.859
Hold   7.384, tc.im.ram_inst to tc.rfB.ram_inst, clock Internal_generated_clock_Top|clk 0.000, Arr  10.175, Req   2.791
Hold   7.394, tc.im.ram_inst to tc.rfB.ram_inst, clock Internal_generated_clock_Top|clk 0.000, Arr  10.185, Req   2.791
Hold   7.421, tc.dm.ram_inst to tc.rfB.ram_inst, clock Internal_generated_clock_Top|clk 0.000, Arr  10.212, Req   2.791
Hold   7.437, tc.dm.ram_inst to tc.rfB.ram_inst, clock Internal_generated_clock_Top|clk 0.000, Arr  10.228, Req   2.791
Hold   7.453, tc.dm.ram_inst to tc.rfA.ram_inst, clock Internal_generated_clock_Top|clk 0.000, Arr  10.312, Req   2.859
Hold   7.468, tc.dm.ram_inst to tc.rfA.ram_inst, clock Internal_generated_clock_Top|clk 0.000, Arr  10.327, Req   2.859
Hold   7.477, tc.im.ram_inst to syn__819_, clock Internal_generated_clock_Top|clk 0.000, Arr   9.750, Req   2.273
Hold   7.491, tc.im.ram_inst to syn__817_, clock Internal_generated_clock_Top|clk 0.000, Arr   9.764, Req   2.273
Hold   7.561, tc.dm.ram_inst to tc.rfB.ram_inst, clock Internal_generated_clock_Top|clk 0.000, Arr  10.352, Req   2.791
Hold   7.582, tc.im.ram_inst to tc.rfB.ram_inst, clock Internal_generated_clock_Top|clk 0.000, Arr  10.373, Req   2.791
Hold   7.587, tc.im.ram_inst to syn__816_, clock Internal_generated_clock_Top|clk 0.000, Arr   9.281, Req   1.694
Hold   7.587, tc.im.ram_inst to syn__814_, clock Internal_generated_clock_Top|clk 0.000, Arr   9.281, Req   1.694
Hold   7.614, tc.im.ram_inst to tc.rfB.ram_inst, clock Internal_generated_clock_Top|clk 0.000, Arr  10.405, Req   2.791
Hold   7.705, tc.im.ram_inst to tc.rfA.ram_inst, clock Internal_generated_clock_Top|clk 0.000, Arr  10.564, Req   2.859
Hold   7.801, tc.im.ram_inst to tc.rfB.ram_inst, clock Internal_generated_clock_Top|clk 0.000, Arr  10.592, Req   2.791
Hold   7.816, tc.dm.ram_inst to tc.rfA.ram_inst, clock Internal_generated_clock_Top|clk 0.000, Arr  10.675, Req   2.859
Hold   7.818, tc.im.ram_inst to tc.rfB.ram_inst, clock Internal_generated_clock_Top|clk 0.000, Arr  10.609, Req   2.791
Hold   7.826, tc.dm.ram_inst to tc.rfB.ram_inst, clock Internal_generated_clock_Top|clk 0.000, Arr  10.617, Req   2.791
Hold   7.877, tc.dm.ram_inst to tc.rfB.ram_inst, clock Internal_generated_clock_Top|clk 0.000, Arr  10.668, Req   2.791
Hold   7.901, tc.im.ram_inst to tc.rfB.ram_inst, clock Internal_generated_clock_Top|clk 0.000, Arr  10.692, Req   2.791
Hold   7.924, tc.dm.ram_inst to tc.rfB.ram_inst, clock Internal_generated_clock_Top|clk 0.000, Arr  10.715, Req   2.791
Hold   8.027, tc.dm.ram_inst to tc.rfB.ram_inst, clock Internal_generated_clock_Top|clk 0.000, Arr  10.818, Req   2.791
Hold   8.109, tc.im.ram_inst to tc.rfA.ram_inst, clock Internal_generated_clock_Top|clk 0.000, Arr  10.968, Req   2.859
Hold   8.194, tc.im.ram_inst to tc.rfB.ram_inst, clock Internal_generated_clock_Top|clk 0.000, Arr  10.985, Req   2.791
Hold   8.306, tc.im.ram_inst to syn__823_, clock Internal_generated_clock_Top|clk 0.000, Arr  10.546, Req   2.240
Hold   8.466, tc.rfB.ram_inst to syn__821_, clock Internal_generated_clock_Top|clk 0.000, Arr  10.695, Req   2.229
Hold   9.279, tc.rfB.ram_inst to syn__820_, clock Internal_generated_clock_Top|clk 0.000, Arr  11.508, Req   2.229
Hold   9.593, tc.rfB.ram_inst to tc.im.ram_inst, clock Internal_generated_clock_Top|clk 0.000, Arr  11.989, Req   2.396
Hold   9.624, tc.rfA.ram_inst to syn__818_, clock Internal_generated_clock_Top|clk 0.000, Arr  11.886, Req   2.262
Hold  10.078, tc.dm.ram_inst to tc.rfA.ram_inst, clock Internal_generated_clock_Top|clk 0.000, Arr  12.937, Req   2.859
Hold  10.191, tc.dm.ram_inst to tc.rfB.ram_inst, clock Internal_generated_clock_Top|clk 0.000, Arr  12.982, Req   2.791
Hold  10.406, tc.rfB.ram_inst to tc.im.ram_inst, clock Internal_generated_clock_Top|clk 0.000, Arr  12.802, Req   2.396
Hold  10.615, tc.rfA.ram_inst to syn__822_, clock Internal_generated_clock_Top|clk 0.000, Arr  12.844, Req   2.229
Hold  10.829, tc.rfA.ram_inst to syn__819_, clock Internal_generated_clock_Top|clk 0.000, Arr  13.091, Req   2.262
Hold  11.061, tc.rfB.ram_inst to syn__817_, clock Internal_generated_clock_Top|clk 0.000, Arr  13.323, Req   2.262
Hold  11.223, tc.rfA.ram_inst to tc.im.ram_inst, clock Internal_generated_clock_Top|clk 0.000, Arr  13.619, Req   2.396
Hold  11.324, tc.rfA.ram_inst to syn__823_, clock Internal_generated_clock_Top|clk 0.000, Arr  13.553, Req   2.229
Hold  11.371, tc.rfA.ram_inst to tc.im.ram_inst, clock Internal_generated_clock_Top|clk 0.000, Arr  13.767, Req   2.396
Hold  12.080, tc.rfA.ram_inst to tc.im.ram_inst, clock Internal_generated_clock_Top|clk 0.000, Arr  14.476, Req   2.396
Hold  12.428, tc.rfA.ram_inst to tc.im.ram_inst, clock Internal_generated_clock_Top|clk 0.000, Arr  14.824, Req   2.396
Hold  12.660, tc.rfB.ram_inst to tc.im.ram_inst, clock Internal_generated_clock_Top|clk 0.000, Arr  15.056, Req   2.396
Hold  13.467, tc.rfA.ram_inst to syn__817_, clock Internal_generated_clock_Top|clk 0.000, Arr  15.746, Req   2.279
Hold  14.066, tc.rfA.ram_inst to syn__818_, clock Internal_generated_clock_Top|clk 0.000, Arr  16.345, Req   2.279
Hold  14.066, tc.rfA.ram_inst to syn__819_, clock Internal_generated_clock_Top|clk 0.000, Arr  16.345, Req   2.279
Hold  14.083, tc.rfA.ram_inst to syn__821_, clock Internal_generated_clock_Top|clk 0.000, Arr  16.677, Req   2.594
Hold  14.083, tc.rfA.ram_inst to syn__822_, clock Internal_generated_clock_Top|clk 0.000, Arr  16.677, Req   2.594
Hold  14.418, tc.rfA.ram_inst to syn__823_, clock Internal_generated_clock_Top|clk 0.000, Arr  17.012, Req   2.594
Hold  14.431, tc.rfA.ram_inst to syn__820_, clock Internal_generated_clock_Top|clk 0.000, Arr  16.677, Req   2.246
